<html>
<body>
<pre>
<h1>µVision Build Log</h1>
<h2>Tool Versions:</h2>
IDE-Version: µVision V5.21.1.0
Copyright (C) 2016 ARM Ltd and ARM Germany GmbH. All rights reserved.
License Information: Bui Duc, UIT, LIC=----
 
Tool Versions:
Toolchain:       MDK-Lite  Version: 5.21a
Toolchain Path:  C:\Keil_v5\ARM\ARMCC\Bin
C Compiler:      Armcc.exe V5.06 update 3 (build 300)
Assembler:       Armasm.exe V5.06 update 3 (build 300)
Linker/Locator:  ArmLink.exe V5.06 update 3 (build 300)
Library Manager: ArmAr.exe V5.06 update 3 (build 300)
Hex Converter:   FromElf.exe V5.06 update 3 (build 300)
CPU DLL:         SARMCM3.DLL V5.21a
Dialog DLL:      DCM.DLL V1.13.8.0
Target DLL:      STLink\ST-LINKIII-KEIL_SWO.dll V2.0.18.0
Dialog DLL:      TCM.DLL V1.14.14.0
 
<h2>Project:</h2>
D:\STM32\BuildingMyProJ\project\keilC\proJ.uvprojx
Project File Date:  10/31/2018

<h2>Output:</h2>
*** Using Compiler 'V5.06 update 3 (build 300)', folder: 'C:\Keil_v5\ARM\ARMCC\Bin'
Build target 'proJ'
compiling main.c...
..\GPIO_Config.h(9): warning:  #1295-D: Deprecated declaration toggleLedLeft - give arg types
  void toggleLedLeft();
..\GPIO_Config.h(10): warning:  #1295-D: Deprecated declaration toggleLedRight - give arg types
  void toggleLedRight();
..\UART_Config.h(12): warning:  #1-D: last line of file ends without a newline
  #endif
..\PWM_DC.h(11): warning:  #1295-D: Deprecated declaration DIR_IO_init - give arg types
  void DIR_IO_init();
..\PWM_DC.h(12): warning:  #1-D: last line of file ends without a newline
  #endif
..\main.c(85): warning:  #188-D: enumerated type mixed with another type
  										GPIO_WriteBit(
PIOB,
PIO_Pin_12,0);
..\main.c(86): warning:  #188-D: enumerated type mixed with another type
  										GPIO_WriteBit(
PIOB,
PIO_Pin_13,0);
..\main.c(92): warning:  #1-D: last line of file ends without a newline
  	}
..\main.c: 8 warnings, 0 errors
linking...
Program Size: Code=4588 RO-data=268 RW-data=32 ZI-data=1072  
".\Objects\proJ.axf" - 0 Error(s), 8 Warning(s).

<h2>Collection of Component include folders:</h2>
  D:\STM32\BuildingMyProJ\project\keilC\RTE
  C:\Keil_v5\ARM\PACK\Keil\STM32F1xx_DFP\2.2.0\Device\Include

<h2>Collection of Component Files used:</h2>
Build Time Elapsed:  00:00:01
</pre>
</body>
</html>
