Component: ARM Compiler 5.06 update 3 (build 300) Tool: armlink [4d35c9]

==============================================================================

Section Cross References

    startup_stm32f10x_md.o(RESET) refers to startup_stm32f10x_md.o(STACK) for __initial_sp
    startup_stm32f10x_md.o(RESET) refers to startup_stm32f10x_md.o(.text) for Reset_Handler
    startup_stm32f10x_md.o(RESET) refers to stm32f10x_it.o(i.NMI_Handler) for NMI_Handler
    startup_stm32f10x_md.o(RESET) refers to stm32f10x_it.o(i.HardFault_Handler) for HardFault_Handler
    startup_stm32f10x_md.o(RESET) refers to stm32f10x_it.o(i.MemManage_Handler) for MemManage_Handler
    startup_stm32f10x_md.o(RESET) refers to stm32f10x_it.o(i.BusFault_Handler) for BusFault_Handler
    startup_stm32f10x_md.o(RESET) refers to stm32f10x_it.o(i.UsageFault_Handler) for UsageFault_Handler
    startup_stm32f10x_md.o(RESET) refers to stm32f10x_it.o(i.SVC_Handler) for SVC_Handler
    startup_stm32f10x_md.o(RESET) refers to stm32f10x_it.o(i.DebugMon_Handler) for DebugMon_Handler
    startup_stm32f10x_md.o(RESET) refers to stm32f10x_it.o(i.PendSV_Handler) for PendSV_Handler
    startup_stm32f10x_md.o(RESET) refers to stm32f10x_it.o(i.SysTick_Handler) for SysTick_Handler
    startup_stm32f10x_md.o(RESET) refers to stm32f10x_it.o(i.TIM4_IRQHandler) for TIM4_IRQHandler
    startup_stm32f10x_md.o(.text) refers to system_stm32f10x.o(i.SystemInit) for SystemInit
    startup_stm32f10x_md.o(.text) refers to entry.o(.ARM.Collect$$$$00000000) for __main
    stm32f10x_gpio.o(i.GPIO_AFIODeInit) refers to stm32f10x_rcc.o(i.RCC_APB2PeriphResetCmd) for RCC_APB2PeriphResetCmd
    stm32f10x_gpio.o(i.GPIO_DeInit) refers to stm32f10x_rcc.o(i.RCC_APB2PeriphResetCmd) for RCC_APB2PeriphResetCmd
    stm32f10x_rcc.o(i.RCC_GetClocksFreq) refers to stm32f10x_rcc.o(.data) for APBAHBPrescTable
    stm32f10x_rcc.o(i.RCC_WaitForHSEStartUp) refers to stm32f10x_rcc.o(i.RCC_GetFlagStatus) for RCC_GetFlagStatus
    stm32f10x_tim.o(i.TIM_DeInit) refers to stm32f10x_rcc.o(i.RCC_APB2PeriphResetCmd) for RCC_APB2PeriphResetCmd
    stm32f10x_tim.o(i.TIM_DeInit) refers to stm32f10x_rcc.o(i.RCC_APB1PeriphResetCmd) for RCC_APB1PeriphResetCmd
    stm32f10x_tim.o(i.TIM_ETRClockMode1Config) refers to stm32f10x_tim.o(i.TIM_ETRConfig) for TIM_ETRConfig
    stm32f10x_tim.o(i.TIM_ETRClockMode2Config) refers to stm32f10x_tim.o(i.TIM_ETRConfig) for TIM_ETRConfig
    stm32f10x_tim.o(i.TIM_ICInit) refers to stm32f10x_tim.o(i.TI1_Config) for TI1_Config
    stm32f10x_tim.o(i.TIM_ICInit) refers to stm32f10x_tim.o(i.TIM_SetIC1Prescaler) for TIM_SetIC1Prescaler
    stm32f10x_tim.o(i.TIM_ICInit) refers to stm32f10x_tim.o(i.TI2_Config) for TI2_Config
    stm32f10x_tim.o(i.TIM_ICInit) refers to stm32f10x_tim.o(i.TIM_SetIC2Prescaler) for TIM_SetIC2Prescaler
    stm32f10x_tim.o(i.TIM_ICInit) refers to stm32f10x_tim.o(i.TI3_Config) for TI3_Config
    stm32f10x_tim.o(i.TIM_ICInit) refers to stm32f10x_tim.o(i.TIM_SetIC3Prescaler) for TIM_SetIC3Prescaler
    stm32f10x_tim.o(i.TIM_ICInit) refers to stm32f10x_tim.o(i.TI4_Config) for TI4_Config
    stm32f10x_tim.o(i.TIM_ICInit) refers to stm32f10x_tim.o(i.TIM_SetIC4Prescaler) for TIM_SetIC4Prescaler
    stm32f10x_tim.o(i.TIM_ITRxExternalClockConfig) refers to stm32f10x_tim.o(i.TIM_SelectInputTrigger) for TIM_SelectInputTrigger
    stm32f10x_tim.o(i.TIM_PWMIConfig) refers to stm32f10x_tim.o(i.TI1_Config) for TI1_Config
    stm32f10x_tim.o(i.TIM_PWMIConfig) refers to stm32f10x_tim.o(i.TIM_SetIC1Prescaler) for TIM_SetIC1Prescaler
    stm32f10x_tim.o(i.TIM_PWMIConfig) refers to stm32f10x_tim.o(i.TI2_Config) for TI2_Config
    stm32f10x_tim.o(i.TIM_PWMIConfig) refers to stm32f10x_tim.o(i.TIM_SetIC2Prescaler) for TIM_SetIC2Prescaler
    stm32f10x_tim.o(i.TIM_TIxExternalClockConfig) refers to stm32f10x_tim.o(i.TI2_Config) for TI2_Config
    stm32f10x_tim.o(i.TIM_TIxExternalClockConfig) refers to stm32f10x_tim.o(i.TI1_Config) for TI1_Config
    stm32f10x_tim.o(i.TIM_TIxExternalClockConfig) refers to stm32f10x_tim.o(i.TIM_SelectInputTrigger) for TIM_SelectInputTrigger
    main.o(i.Init_GPIO) refers to stm32f10x_rcc.o(i.RCC_APB2PeriphClockCmd) for RCC_APB2PeriphClockCmd
    main.o(i.Init_GPIO) refers to stm32f10x_gpio.o(i.GPIO_Init) for GPIO_Init
    main.o(i.Init_GPIO) refers to main.o(.data) for GPIO_InitStructure
    main.o(i.Init_Timer_4) refers to stm32f10x_rcc.o(i.RCC_APB1PeriphClockCmd) for RCC_APB1PeriphClockCmd
    main.o(i.Init_Timer_4) refers to stm32f10x_tim.o(i.TIM_TimeBaseInit) for TIM_TimeBaseInit
    main.o(i.Init_Timer_4) refers to stm32f10x_tim.o(i.TIM_ClearFlag) for TIM_ClearFlag
    main.o(i.Init_Timer_4) refers to stm32f10x_tim.o(i.TIM_ITConfig) for TIM_ITConfig
    main.o(i.Init_Timer_4) refers to stm32f10x_tim.o(i.TIM_Cmd) for TIM_Cmd
    main.o(i.Init_Timer_4) refers to misc.o(i.NVIC_Init) for NVIC_Init
    main.o(i.Init_Timer_4) refers to main.o(.bss) for TIM_TimeBaseInitStructure
    main.o(i.Init_Timer_4) refers to main.o(.data) for NVIC_InitStructure
    main.o(i.main) refers to main.o(i.Init_GPIO) for Init_GPIO
    main.o(i.main) refers to main.o(i.Init_Timer_4) for Init_Timer_4
    stm32f10x_it.o(i.TIM4_IRQHandler) refers to stm32f10x_tim.o(i.TIM_GetITStatus) for TIM_GetITStatus
    stm32f10x_it.o(i.TIM4_IRQHandler) refers to stm32f10x_gpio.o(i.GPIO_ReadInputDataBit) for GPIO_ReadInputDataBit
    stm32f10x_it.o(i.TIM4_IRQHandler) refers to stm32f10x_gpio.o(i.GPIO_WriteBit) for GPIO_WriteBit
    stm32f10x_it.o(i.TIM4_IRQHandler) refers to stm32f10x_tim.o(i.TIM_ClearFlag) for TIM_ClearFlag
    system_stm32f10x.o(i.SetSysClock) refers to system_stm32f10x.o(i.SetSysClockTo72) for SetSysClockTo72
    system_stm32f10x.o(i.SystemCoreClockUpdate) refers to system_stm32f10x.o(.data) for SystemCoreClock
    system_stm32f10x.o(i.SystemInit) refers to system_stm32f10x.o(i.SetSysClock) for SetSysClock
    entry.o(.ARM.Collect$$$$00000000) refers (Special) to entry10a.o(.ARM.Collect$$$$0000000D) for __rt_final_cpp
    entry.o(.ARM.Collect$$$$00000000) refers (Special) to entry11a.o(.ARM.Collect$$$$0000000F) for __rt_final_exit
    entry.o(.ARM.Collect$$$$00000000) refers (Special) to entry7b.o(.ARM.Collect$$$$00000008) for _main_clock
    entry.o(.ARM.Collect$$$$00000000) refers (Special) to entry8b.o(.ARM.Collect$$$$0000000A) for _main_cpp_init
    entry.o(.ARM.Collect$$$$00000000) refers (Special) to entry9a.o(.ARM.Collect$$$$0000000B) for _main_init
    entry.o(.ARM.Collect$$$$00000000) refers (Special) to entry5.o(.ARM.Collect$$$$00000004) for _main_scatterload
    entry.o(.ARM.Collect$$$$00000000) refers (Special) to entry2.o(.ARM.Collect$$$$00000001) for _main_stk
    entry2.o(.ARM.Collect$$$$00000001) refers to entry2.o(.ARM.Collect$$$$00002712) for __lit__00000000
    entry2.o(.ARM.Collect$$$$00002712) refers to startup_stm32f10x_md.o(STACK) for __initial_sp
    entry2.o(__vectab_stack_and_reset_area) refers to startup_stm32f10x_md.o(STACK) for __initial_sp
    entry2.o(__vectab_stack_and_reset_area) refers to entry.o(.ARM.Collect$$$$00000000) for __main
    entry5.o(.ARM.Collect$$$$00000004) refers to init.o(.text) for __scatterload
    entry9a.o(.ARM.Collect$$$$0000000B) refers to main.o(i.main) for main
    entry9b.o(.ARM.Collect$$$$0000000C) refers to main.o(i.main) for main
    init.o(.text) refers to entry5.o(.ARM.Collect$$$$00000004) for __main_after_scatterload


==============================================================================

Removing Unused input sections from the image.

    Removing core_cm3.o(.emb_text), (32 bytes).
    Removing startup_stm32f10x_md.o(HEAP), (512 bytes).
    Removing misc.o(i.NVIC_PriorityGroupConfig), (20 bytes).
    Removing misc.o(i.NVIC_SetVectorTable), (20 bytes).
    Removing misc.o(i.NVIC_SystemLPConfig), (32 bytes).
    Removing misc.o(i.SysTick_CLKSourceConfig), (40 bytes).
    Removing stm32f10x_gpio.o(i.GPIO_AFIODeInit), (20 bytes).
    Removing stm32f10x_gpio.o(i.GPIO_DeInit), (200 bytes).
    Removing stm32f10x_gpio.o(i.GPIO_ETH_MediaInterfaceConfig), (12 bytes).
    Removing stm32f10x_gpio.o(i.GPIO_EXTILineConfig), (64 bytes).
    Removing stm32f10x_gpio.o(i.GPIO_EventOutputCmd), (12 bytes).
    Removing stm32f10x_gpio.o(i.GPIO_EventOutputConfig), (32 bytes).
    Removing stm32f10x_gpio.o(i.GPIO_PinLockConfig), (18 bytes).
    Removing stm32f10x_gpio.o(i.GPIO_PinRemapConfig), (144 bytes).
    Removing stm32f10x_gpio.o(i.GPIO_ReadInputData), (8 bytes).
    Removing stm32f10x_gpio.o(i.GPIO_ReadOutputData), (8 bytes).
    Removing stm32f10x_gpio.o(i.GPIO_ReadOutputDataBit), (18 bytes).
    Removing stm32f10x_gpio.o(i.GPIO_ResetBits), (4 bytes).
    Removing stm32f10x_gpio.o(i.GPIO_SetBits), (4 bytes).
    Removing stm32f10x_gpio.o(i.GPIO_StructInit), (16 bytes).
    Removing stm32f10x_gpio.o(i.GPIO_Write), (4 bytes).
    Removing stm32f10x_rcc.o(i.RCC_ADCCLKConfig), (24 bytes).
    Removing stm32f10x_rcc.o(i.RCC_AHBPeriphClockCmd), (32 bytes).
    Removing stm32f10x_rcc.o(i.RCC_APB1PeriphResetCmd), (32 bytes).
    Removing stm32f10x_rcc.o(i.RCC_APB2PeriphResetCmd), (32 bytes).
    Removing stm32f10x_rcc.o(i.RCC_AdjustHSICalibrationValue), (24 bytes).
    Removing stm32f10x_rcc.o(i.RCC_BackupResetCmd), (12 bytes).
    Removing stm32f10x_rcc.o(i.RCC_ClearFlag), (20 bytes).
    Removing stm32f10x_rcc.o(i.RCC_ClearITPendingBit), (12 bytes).
    Removing stm32f10x_rcc.o(i.RCC_ClockSecuritySystemCmd), (12 bytes).
    Removing stm32f10x_rcc.o(i.RCC_DeInit), (76 bytes).
    Removing stm32f10x_rcc.o(i.RCC_GetClocksFreq), (212 bytes).
    Removing stm32f10x_rcc.o(i.RCC_GetFlagStatus), (60 bytes).
    Removing stm32f10x_rcc.o(i.RCC_GetITStatus), (24 bytes).
    Removing stm32f10x_rcc.o(i.RCC_GetSYSCLKSource), (16 bytes).
    Removing stm32f10x_rcc.o(i.RCC_HCLKConfig), (24 bytes).
    Removing stm32f10x_rcc.o(i.RCC_HSEConfig), (76 bytes).
    Removing stm32f10x_rcc.o(i.RCC_HSICmd), (12 bytes).
    Removing stm32f10x_rcc.o(i.RCC_ITConfig), (32 bytes).
    Removing stm32f10x_rcc.o(i.RCC_LSEConfig), (52 bytes).
    Removing stm32f10x_rcc.o(i.RCC_LSICmd), (12 bytes).
    Removing stm32f10x_rcc.o(i.RCC_MCOConfig), (12 bytes).
    Removing stm32f10x_rcc.o(i.RCC_PCLK1Config), (24 bytes).
    Removing stm32f10x_rcc.o(i.RCC_PCLK2Config), (24 bytes).
    Removing stm32f10x_rcc.o(i.RCC_PLLCmd), (12 bytes).
    Removing stm32f10x_rcc.o(i.RCC_PLLConfig), (28 bytes).
    Removing stm32f10x_rcc.o(i.RCC_RTCCLKCmd), (12 bytes).
    Removing stm32f10x_rcc.o(i.RCC_RTCCLKConfig), (16 bytes).
    Removing stm32f10x_rcc.o(i.RCC_SYSCLKConfig), (24 bytes).
    Removing stm32f10x_rcc.o(i.RCC_USBCLKConfig), (12 bytes).
    Removing stm32f10x_rcc.o(i.RCC_WaitForHSEStartUp), (56 bytes).
    Removing stm32f10x_rcc.o(.data), (20 bytes).
    Removing stm32f10x_tim.o(i.TI1_Config), (128 bytes).
    Removing stm32f10x_tim.o(i.TI2_Config), (152 bytes).
    Removing stm32f10x_tim.o(i.TI3_Config), (144 bytes).
    Removing stm32f10x_tim.o(i.TI4_Config), (152 bytes).
    Removing stm32f10x_tim.o(i.TIM_ARRPreloadConfig), (24 bytes).
    Removing stm32f10x_tim.o(i.TIM_BDTRConfig), (32 bytes).
    Removing stm32f10x_tim.o(i.TIM_BDTRStructInit), (18 bytes).
    Removing stm32f10x_tim.o(i.TIM_CCPreloadControl), (24 bytes).
    Removing stm32f10x_tim.o(i.TIM_CCxCmd), (30 bytes).
    Removing stm32f10x_tim.o(i.TIM_CCxNCmd), (30 bytes).
    Removing stm32f10x_tim.o(i.TIM_ClearITPendingBit), (6 bytes).
    Removing stm32f10x_tim.o(i.TIM_ClearOC1Ref), (18 bytes).
    Removing stm32f10x_tim.o(i.TIM_ClearOC2Ref), (24 bytes).
    Removing stm32f10x_tim.o(i.TIM_ClearOC3Ref), (18 bytes).
    Removing stm32f10x_tim.o(i.TIM_ClearOC4Ref), (24 bytes).
    Removing stm32f10x_tim.o(i.TIM_CounterModeConfig), (18 bytes).
    Removing stm32f10x_tim.o(i.TIM_CtrlPWMOutputs), (30 bytes).
    Removing stm32f10x_tim.o(i.TIM_DMACmd), (18 bytes).
    Removing stm32f10x_tim.o(i.TIM_DMAConfig), (10 bytes).
    Removing stm32f10x_tim.o(i.TIM_DeInit), (488 bytes).
    Removing stm32f10x_tim.o(i.TIM_ETRClockMode1Config), (54 bytes).
    Removing stm32f10x_tim.o(i.TIM_ETRClockMode2Config), (32 bytes).
    Removing stm32f10x_tim.o(i.TIM_ETRConfig), (28 bytes).
    Removing stm32f10x_tim.o(i.TIM_EncoderInterfaceConfig), (66 bytes).
    Removing stm32f10x_tim.o(i.TIM_ForcedOC1Config), (18 bytes).
    Removing stm32f10x_tim.o(i.TIM_ForcedOC2Config), (26 bytes).
    Removing stm32f10x_tim.o(i.TIM_ForcedOC3Config), (18 bytes).
    Removing stm32f10x_tim.o(i.TIM_ForcedOC4Config), (26 bytes).
    Removing stm32f10x_tim.o(i.TIM_GenerateEvent), (4 bytes).
    Removing stm32f10x_tim.o(i.TIM_GetCapture1), (6 bytes).
    Removing stm32f10x_tim.o(i.TIM_GetCapture2), (6 bytes).
    Removing stm32f10x_tim.o(i.TIM_GetCapture3), (6 bytes).
    Removing stm32f10x_tim.o(i.TIM_GetCapture4), (8 bytes).
    Removing stm32f10x_tim.o(i.TIM_GetCounter), (6 bytes).
    Removing stm32f10x_tim.o(i.TIM_GetFlagStatus), (18 bytes).
    Removing stm32f10x_tim.o(i.TIM_GetPrescaler), (6 bytes).
    Removing stm32f10x_tim.o(i.TIM_ICInit), (172 bytes).
    Removing stm32f10x_tim.o(i.TIM_ICStructInit), (18 bytes).
    Removing stm32f10x_tim.o(i.TIM_ITRxExternalClockConfig), (24 bytes).
    Removing stm32f10x_tim.o(i.TIM_InternalClockConfig), (12 bytes).
    Removing stm32f10x_tim.o(i.TIM_OC1FastConfig), (18 bytes).
    Removing stm32f10x_tim.o(i.TIM_OC1Init), (152 bytes).
    Removing stm32f10x_tim.o(i.TIM_OC1NPolarityConfig), (18 bytes).
    Removing stm32f10x_tim.o(i.TIM_OC1PolarityConfig), (18 bytes).
    Removing stm32f10x_tim.o(i.TIM_OC1PreloadConfig), (18 bytes).
    Removing stm32f10x_tim.o(i.TIM_OC2FastConfig), (26 bytes).
    Removing stm32f10x_tim.o(i.TIM_OC2Init), (164 bytes).
    Removing stm32f10x_tim.o(i.TIM_OC2NPolarityConfig), (26 bytes).
    Removing stm32f10x_tim.o(i.TIM_OC2PolarityConfig), (26 bytes).
    Removing stm32f10x_tim.o(i.TIM_OC2PreloadConfig), (26 bytes).
    Removing stm32f10x_tim.o(i.TIM_OC3FastConfig), (18 bytes).
    Removing stm32f10x_tim.o(i.TIM_OC3Init), (160 bytes).
    Removing stm32f10x_tim.o(i.TIM_OC3NPolarityConfig), (26 bytes).
    Removing stm32f10x_tim.o(i.TIM_OC3PolarityConfig), (26 bytes).
    Removing stm32f10x_tim.o(i.TIM_OC3PreloadConfig), (18 bytes).
    Removing stm32f10x_tim.o(i.TIM_OC4FastConfig), (26 bytes).
    Removing stm32f10x_tim.o(i.TIM_OC4Init), (124 bytes).
    Removing stm32f10x_tim.o(i.TIM_OC4PolarityConfig), (26 bytes).
    Removing stm32f10x_tim.o(i.TIM_OC4PreloadConfig), (26 bytes).
    Removing stm32f10x_tim.o(i.TIM_OCStructInit), (20 bytes).
    Removing stm32f10x_tim.o(i.TIM_PWMIConfig), (124 bytes).
    Removing stm32f10x_tim.o(i.TIM_PrescalerConfig), (6 bytes).
    Removing stm32f10x_tim.o(i.TIM_SelectCCDMA), (24 bytes).
    Removing stm32f10x_tim.o(i.TIM_SelectCOM), (24 bytes).
    Removing stm32f10x_tim.o(i.TIM_SelectHallSensor), (24 bytes).
    Removing stm32f10x_tim.o(i.TIM_SelectInputTrigger), (18 bytes).
    Removing stm32f10x_tim.o(i.TIM_SelectMasterSlaveMode), (18 bytes).
    Removing stm32f10x_tim.o(i.TIM_SelectOCxM), (82 bytes).
    Removing stm32f10x_tim.o(i.TIM_SelectOnePulseMode), (18 bytes).
    Removing stm32f10x_tim.o(i.TIM_SelectOutputTrigger), (18 bytes).
    Removing stm32f10x_tim.o(i.TIM_SelectSlaveMode), (18 bytes).
    Removing stm32f10x_tim.o(i.TIM_SetAutoreload), (4 bytes).
    Removing stm32f10x_tim.o(i.TIM_SetClockDivision), (18 bytes).
    Removing stm32f10x_tim.o(i.TIM_SetCompare1), (4 bytes).
    Removing stm32f10x_tim.o(i.TIM_SetCompare2), (4 bytes).
    Removing stm32f10x_tim.o(i.TIM_SetCompare3), (4 bytes).
    Removing stm32f10x_tim.o(i.TIM_SetCompare4), (6 bytes).
    Removing stm32f10x_tim.o(i.TIM_SetCounter), (4 bytes).
    Removing stm32f10x_tim.o(i.TIM_SetIC1Prescaler), (18 bytes).
    Removing stm32f10x_tim.o(i.TIM_SetIC2Prescaler), (26 bytes).
    Removing stm32f10x_tim.o(i.TIM_SetIC3Prescaler), (18 bytes).
    Removing stm32f10x_tim.o(i.TIM_SetIC4Prescaler), (26 bytes).
    Removing stm32f10x_tim.o(i.TIM_TIxExternalClockConfig), (62 bytes).
    Removing stm32f10x_tim.o(i.TIM_TimeBaseStructInit), (18 bytes).
    Removing stm32f10x_tim.o(i.TIM_UpdateDisableConfig), (24 bytes).
    Removing stm32f10x_tim.o(i.TIM_UpdateRequestConfig), (24 bytes).
    Removing system_stm32f10x.o(i.SystemCoreClockUpdate), (164 bytes).
    Removing system_stm32f10x.o(.data), (20 bytes).

140 unused section(s) (total 5978 bytes) removed from the image.

==============================================================================

Image Symbol Table

    Local Symbols

    Symbol Name                              Value     Ov Type        Size  Object(Section)

    ../clib/microlib/init/entry.s            0x00000000   Number         0  entry7a.o ABSOLUTE
    ../clib/microlib/init/entry.s            0x00000000   Number         0  entry7b.o ABSOLUTE
    ../clib/microlib/init/entry.s            0x00000000   Number         0  entry11b.o ABSOLUTE
    ../clib/microlib/init/entry.s            0x00000000   Number         0  entry10b.o ABSOLUTE
    ../clib/microlib/init/entry.s            0x00000000   Number         0  entry8a.o ABSOLUTE
    ../clib/microlib/init/entry.s            0x00000000   Number         0  entry11a.o ABSOLUTE
    ../clib/microlib/init/entry.s            0x00000000   Number         0  entry10a.o ABSOLUTE
    ../clib/microlib/init/entry.s            0x00000000   Number         0  entry9b.o ABSOLUTE
    ../clib/microlib/init/entry.s            0x00000000   Number         0  entry8b.o ABSOLUTE
    ../clib/microlib/init/entry.s            0x00000000   Number         0  entry9a.o ABSOLUTE
    ../clib/microlib/init/entry.s            0x00000000   Number         0  entry5.o ABSOLUTE
    ../clib/microlib/init/entry.s            0x00000000   Number         0  entry2.o ABSOLUTE
    ../clib/microlib/init/entry.s            0x00000000   Number         0  entry.o ABSOLUTE
    ..\..\lib\CMSIS\CM3\CoreSupport\core_cm3.c 0x00000000   Number         0  core_cm3.o ABSOLUTE
    ..\..\lib\CMSIS\CM3\DeviceSupport\ST\STM32F10x\startup\arm\startup_stm32f10x_md.s 0x00000000   Number         0  startup_stm32f10x_md.o ABSOLUTE
    ..\..\lib\STM32F10x_StdPeriph_Driver\src\misc.c 0x00000000   Number         0  misc.o ABSOLUTE
    ..\..\lib\STM32F10x_StdPeriph_Driver\src\stm32f10x_gpio.c 0x00000000   Number         0  stm32f10x_gpio.o ABSOLUTE
    ..\..\lib\STM32F10x_StdPeriph_Driver\src\stm32f10x_rcc.c 0x00000000   Number         0  stm32f10x_rcc.o ABSOLUTE
    ..\..\lib\STM32F10x_StdPeriph_Driver\src\stm32f10x_tim.c 0x00000000   Number         0  stm32f10x_tim.o ABSOLUTE
    ..\\..\\lib\\CMSIS\\CM3\\CoreSupport\\core_cm3.c 0x00000000   Number         0  core_cm3.o ABSOLUTE
    ..\main.c                                0x00000000   Number         0  main.o ABSOLUTE
    ..\stm32f10x_it.c                        0x00000000   Number         0  stm32f10x_it.o ABSOLUTE
    ..\system_stm32f10x.c                    0x00000000   Number         0  system_stm32f10x.o ABSOLUTE
    dc.s                                     0x00000000   Number         0  dc.o ABSOLUTE
    handlers.s                               0x00000000   Number         0  handlers.o ABSOLUTE
    init.s                                   0x00000000   Number         0  init.o ABSOLUTE
    RESET                                    0x08000000   Section      236  startup_stm32f10x_md.o(RESET)
    .ARM.Collect$$$$00000000                 0x080000ec   Section        0  entry.o(.ARM.Collect$$$$00000000)
    .ARM.Collect$$$$00000001                 0x080000ec   Section        4  entry2.o(.ARM.Collect$$$$00000001)
    .ARM.Collect$$$$00000004                 0x080000f0   Section        4  entry5.o(.ARM.Collect$$$$00000004)
    .ARM.Collect$$$$00000008                 0x080000f4   Section        0  entry7b.o(.ARM.Collect$$$$00000008)
    .ARM.Collect$$$$0000000A                 0x080000f4   Section        0  entry8b.o(.ARM.Collect$$$$0000000A)
    .ARM.Collect$$$$0000000B                 0x080000f4   Section        8  entry9a.o(.ARM.Collect$$$$0000000B)
    .ARM.Collect$$$$0000000D                 0x080000fc   Section        0  entry10a.o(.ARM.Collect$$$$0000000D)
    .ARM.Collect$$$$0000000F                 0x080000fc   Section        0  entry11a.o(.ARM.Collect$$$$0000000F)
    .ARM.Collect$$$$00002712                 0x080000fc   Section        4  entry2.o(.ARM.Collect$$$$00002712)
    __lit__00000000                          0x080000fc   Data           4  entry2.o(.ARM.Collect$$$$00002712)
    .text                                    0x08000100   Section       36  startup_stm32f10x_md.o(.text)
    .text                                    0x08000124   Section       36  init.o(.text)
    i.BusFault_Handler                       0x08000148   Section        0  stm32f10x_it.o(i.BusFault_Handler)
    i.DebugMon_Handler                       0x0800014c   Section        0  stm32f10x_it.o(i.DebugMon_Handler)
    i.GPIO_Init                              0x0800014e   Section        0  stm32f10x_gpio.o(i.GPIO_Init)
    i.GPIO_ReadInputDataBit                  0x08000264   Section        0  stm32f10x_gpio.o(i.GPIO_ReadInputDataBit)
    i.GPIO_WriteBit                          0x08000276   Section        0  stm32f10x_gpio.o(i.GPIO_WriteBit)
    i.HardFault_Handler                      0x08000280   Section        0  stm32f10x_it.o(i.HardFault_Handler)
    i.Init_GPIO                              0x08000284   Section        0  main.o(i.Init_GPIO)
    i.Init_Timer_4                           0x080002b0   Section        0  main.o(i.Init_Timer_4)
    i.MemManage_Handler                      0x08000310   Section        0  stm32f10x_it.o(i.MemManage_Handler)
    i.NMI_Handler                            0x08000314   Section        0  stm32f10x_it.o(i.NMI_Handler)
    i.NVIC_Init                              0x08000318   Section        0  misc.o(i.NVIC_Init)
    i.PendSV_Handler                         0x08000388   Section        0  stm32f10x_it.o(i.PendSV_Handler)
    i.RCC_APB1PeriphClockCmd                 0x0800038c   Section        0  stm32f10x_rcc.o(i.RCC_APB1PeriphClockCmd)
    i.RCC_APB2PeriphClockCmd                 0x080003ac   Section        0  stm32f10x_rcc.o(i.RCC_APB2PeriphClockCmd)
    i.SVC_Handler                            0x080003cc   Section        0  stm32f10x_it.o(i.SVC_Handler)
    i.SetSysClock                            0x080003ce   Section        0  system_stm32f10x.o(i.SetSysClock)
    SetSysClock                              0x080003cf   Thumb Code     8  system_stm32f10x.o(i.SetSysClock)
    i.SetSysClockTo72                        0x080003d8   Section        0  system_stm32f10x.o(i.SetSysClockTo72)
    SetSysClockTo72                          0x080003d9   Thumb Code   214  system_stm32f10x.o(i.SetSysClockTo72)
    i.SysTick_Handler                        0x080004b8   Section        0  stm32f10x_it.o(i.SysTick_Handler)
    i.SystemInit                             0x080004bc   Section        0  system_stm32f10x.o(i.SystemInit)
    i.TIM4_IRQHandler                        0x0800051c   Section        0  stm32f10x_it.o(i.TIM4_IRQHandler)
    i.TIM_ClearFlag                          0x08000554   Section        0  stm32f10x_tim.o(i.TIM_ClearFlag)
    i.TIM_Cmd                                0x0800055a   Section        0  stm32f10x_tim.o(i.TIM_Cmd)
    i.TIM_GetITStatus                        0x08000572   Section        0  stm32f10x_tim.o(i.TIM_GetITStatus)
    i.TIM_ITConfig                           0x08000594   Section        0  stm32f10x_tim.o(i.TIM_ITConfig)
    i.TIM_TimeBaseInit                       0x080005a8   Section        0  stm32f10x_tim.o(i.TIM_TimeBaseInit)
    i.UsageFault_Handler                     0x0800064c   Section        0  stm32f10x_it.o(i.UsageFault_Handler)
    i.__scatterload_copy                     0x08000650   Section       14  handlers.o(i.__scatterload_copy)
    i.__scatterload_null                     0x0800065e   Section        2  handlers.o(i.__scatterload_null)
    i.__scatterload_zeroinit                 0x08000660   Section       14  handlers.o(i.__scatterload_zeroinit)
    i.main                                   0x0800066e   Section        0  main.o(i.main)
    .data                                    0x20000000   Section        8  main.o(.data)
    .bss                                     0x20000008   Section       10  main.o(.bss)
    STACK                                    0x20000018   Section     1024  startup_stm32f10x_md.o(STACK)

    Global Symbols

    Symbol Name                              Value     Ov Type        Size  Object(Section)

    BuildAttributes$$THM_ISAv4$P$D$K$B$S$PE$A:L22UL41UL21$X:L11$S22US41US21$IEEE1$IW$USESV6$~STKCKD$USESV7$~SHL$OSPACE$EBA8$MICROLIB$REQ8$PRES8$EABIv2 0x00000000   Number         0  anon$$obj.o ABSOLUTE
    __ARM_use_no_argv                        0x00000000   Number         0  main.o ABSOLUTE
    __cpp_initialize__aeabi_                  - Undefined Weak Reference
    __cxa_finalize                            - Undefined Weak Reference
    __decompress                              - Undefined Weak Reference
    _clock_init                               - Undefined Weak Reference
    _microlib_exit                            - Undefined Weak Reference
    __Vectors_Size                           0x000000ec   Number         0  startup_stm32f10x_md.o ABSOLUTE
    __Vectors                                0x08000000   Data           4  startup_stm32f10x_md.o(RESET)
    __Vectors_End                            0x080000ec   Data           0  startup_stm32f10x_md.o(RESET)
    __main                                   0x080000ed   Thumb Code     0  entry.o(.ARM.Collect$$$$00000000)
    _main_stk                                0x080000ed   Thumb Code     0  entry2.o(.ARM.Collect$$$$00000001)
    _main_scatterload                        0x080000f1   Thumb Code     0  entry5.o(.ARM.Collect$$$$00000004)
    __main_after_scatterload                 0x080000f5   Thumb Code     0  entry5.o(.ARM.Collect$$$$00000004)
    _main_clock                              0x080000f5   Thumb Code     0  entry7b.o(.ARM.Collect$$$$00000008)
    _main_cpp_init                           0x080000f5   Thumb Code     0  entry8b.o(.ARM.Collect$$$$0000000A)
    _main_init                               0x080000f5   Thumb Code     0  entry9a.o(.ARM.Collect$$$$0000000B)
    __rt_final_cpp                           0x080000fd   Thumb Code     0  entry10a.o(.ARM.Collect$$$$0000000D)
    __rt_final_exit                          0x080000fd   Thumb Code     0  entry11a.o(.ARM.Collect$$$$0000000F)
    Reset_Handler                            0x08000101   Thumb Code     8  startup_stm32f10x_md.o(.text)
    ADC1_2_IRQHandler                        0x0800011b   Thumb Code     0  startup_stm32f10x_md.o(.text)
    CAN1_RX1_IRQHandler                      0x0800011b   Thumb Code     0  startup_stm32f10x_md.o(.text)
    CAN1_SCE_IRQHandler                      0x0800011b   Thumb Code     0  startup_stm32f10x_md.o(.text)
    DMA1_Channel1_IRQHandler                 0x0800011b   Thumb Code     0  startup_stm32f10x_md.o(.text)
    DMA1_Channel2_IRQHandler                 0x0800011b   Thumb Code     0  startup_stm32f10x_md.o(.text)
    DMA1_Channel3_IRQHandler                 0x0800011b   Thumb Code     0  startup_stm32f10x_md.o(.text)
    DMA1_Channel4_IRQHandler                 0x0800011b   Thumb Code     0  startup_stm32f10x_md.o(.text)
    DMA1_Channel5_IRQHandler                 0x0800011b   Thumb Code     0  startup_stm32f10x_md.o(.text)
    DMA1_Channel6_IRQHandler                 0x0800011b   Thumb Code     0  startup_stm32f10x_md.o(.text)
    DMA1_Channel7_IRQHandler                 0x0800011b   Thumb Code     0  startup_stm32f10x_md.o(.text)
    EXTI0_IRQHandler                         0x0800011b   Thumb Code     0  startup_stm32f10x_md.o(.text)
    EXTI15_10_IRQHandler                     0x0800011b   Thumb Code     0  startup_stm32f10x_md.o(.text)
    EXTI1_IRQHandler                         0x0800011b   Thumb Code     0  startup_stm32f10x_md.o(.text)
    EXTI2_IRQHandler                         0x0800011b   Thumb Code     0  startup_stm32f10x_md.o(.text)
    EXTI3_IRQHandler                         0x0800011b   Thumb Code     0  startup_stm32f10x_md.o(.text)
    EXTI4_IRQHandler                         0x0800011b   Thumb Code     0  startup_stm32f10x_md.o(.text)
    EXTI9_5_IRQHandler                       0x0800011b   Thumb Code     0  startup_stm32f10x_md.o(.text)
    FLASH_IRQHandler                         0x0800011b   Thumb Code     0  startup_stm32f10x_md.o(.text)
    I2C1_ER_IRQHandler                       0x0800011b   Thumb Code     0  startup_stm32f10x_md.o(.text)
    I2C1_EV_IRQHandler                       0x0800011b   Thumb Code     0  startup_stm32f10x_md.o(.text)
    I2C2_ER_IRQHandler                       0x0800011b   Thumb Code     0  startup_stm32f10x_md.o(.text)
    I2C2_EV_IRQHandler                       0x0800011b   Thumb Code     0  startup_stm32f10x_md.o(.text)
    PVD_IRQHandler                           0x0800011b   Thumb Code     0  startup_stm32f10x_md.o(.text)
    RCC_IRQHandler                           0x0800011b   Thumb Code     0  startup_stm32f10x_md.o(.text)
    RTCAlarm_IRQHandler                      0x0800011b   Thumb Code     0  startup_stm32f10x_md.o(.text)
    RTC_IRQHandler                           0x0800011b   Thumb Code     0  startup_stm32f10x_md.o(.text)
    SPI1_IRQHandler                          0x0800011b   Thumb Code     0  startup_stm32f10x_md.o(.text)
    SPI2_IRQHandler                          0x0800011b   Thumb Code     0  startup_stm32f10x_md.o(.text)
    TAMPER_IRQHandler                        0x0800011b   Thumb Code     0  startup_stm32f10x_md.o(.text)
    TIM1_BRK_IRQHandler                      0x0800011b   Thumb Code     0  startup_stm32f10x_md.o(.text)
    TIM1_CC_IRQHandler                       0x0800011b   Thumb Code     0  startup_stm32f10x_md.o(.text)
    TIM1_TRG_COM_IRQHandler                  0x0800011b   Thumb Code     0  startup_stm32f10x_md.o(.text)
    TIM1_UP_IRQHandler                       0x0800011b   Thumb Code     0  startup_stm32f10x_md.o(.text)
    TIM2_IRQHandler                          0x0800011b   Thumb Code     0  startup_stm32f10x_md.o(.text)
    TIM3_IRQHandler                          0x0800011b   Thumb Code     0  startup_stm32f10x_md.o(.text)
    USART1_IRQHandler                        0x0800011b   Thumb Code     0  startup_stm32f10x_md.o(.text)
    USART2_IRQHandler                        0x0800011b   Thumb Code     0  startup_stm32f10x_md.o(.text)
    USART3_IRQHandler                        0x0800011b   Thumb Code     0  startup_stm32f10x_md.o(.text)
    USBWakeUp_IRQHandler                     0x0800011b   Thumb Code     0  startup_stm32f10x_md.o(.text)
    USB_HP_CAN1_TX_IRQHandler                0x0800011b   Thumb Code     0  startup_stm32f10x_md.o(.text)
    USB_LP_CAN1_RX0_IRQHandler               0x0800011b   Thumb Code     0  startup_stm32f10x_md.o(.text)
    WWDG_IRQHandler                          0x0800011b   Thumb Code     0  startup_stm32f10x_md.o(.text)
    __scatterload                            0x08000125   Thumb Code    28  init.o(.text)
    __scatterload_rt2                        0x08000125   Thumb Code     0  init.o(.text)
    BusFault_Handler                         0x08000149   Thumb Code     4  stm32f10x_it.o(i.BusFault_Handler)
    DebugMon_Handler                         0x0800014d   Thumb Code     2  stm32f10x_it.o(i.DebugMon_Handler)
    GPIO_Init                                0x0800014f   Thumb Code   278  stm32f10x_gpio.o(i.GPIO_Init)
    GPIO_ReadInputDataBit                    0x08000265   Thumb Code    18  stm32f10x_gpio.o(i.GPIO_ReadInputDataBit)
    GPIO_WriteBit                            0x08000277   Thumb Code    10  stm32f10x_gpio.o(i.GPIO_WriteBit)
    HardFault_Handler                        0x08000281   Thumb Code     4  stm32f10x_it.o(i.HardFault_Handler)
    Init_GPIO                                0x08000285   Thumb Code    34  main.o(i.Init_GPIO)
    Init_Timer_4                             0x080002b1   Thumb Code    84  main.o(i.Init_Timer_4)
    MemManage_Handler                        0x08000311   Thumb Code     4  stm32f10x_it.o(i.MemManage_Handler)
    NMI_Handler                              0x08000315   Thumb Code     2  stm32f10x_it.o(i.NMI_Handler)
    NVIC_Init                                0x08000319   Thumb Code   100  misc.o(i.NVIC_Init)
    PendSV_Handler                           0x08000389   Thumb Code     2  stm32f10x_it.o(i.PendSV_Handler)
    RCC_APB1PeriphClockCmd                   0x0800038d   Thumb Code    26  stm32f10x_rcc.o(i.RCC_APB1PeriphClockCmd)
    RCC_APB2PeriphClockCmd                   0x080003ad   Thumb Code    26  stm32f10x_rcc.o(i.RCC_APB2PeriphClockCmd)
    SVC_Handler                              0x080003cd   Thumb Code     2  stm32f10x_it.o(i.SVC_Handler)
    SysTick_Handler                          0x080004b9   Thumb Code     2  stm32f10x_it.o(i.SysTick_Handler)
    SystemInit                               0x080004bd   Thumb Code    78  system_stm32f10x.o(i.SystemInit)
    TIM4_IRQHandler                          0x0800051d   Thumb Code    48  stm32f10x_it.o(i.TIM4_IRQHandler)
    TIM_ClearFlag                            0x08000555   Thumb Code     6  stm32f10x_tim.o(i.TIM_ClearFlag)
    TIM_Cmd                                  0x0800055b   Thumb Code    24  stm32f10x_tim.o(i.TIM_Cmd)
    TIM_GetITStatus                          0x08000573   Thumb Code    34  stm32f10x_tim.o(i.TIM_GetITStatus)
    TIM_ITConfig                             0x08000595   Thumb Code    18  stm32f10x_tim.o(i.TIM_ITConfig)
    TIM_TimeBaseInit                         0x080005a9   Thumb Code   122  stm32f10x_tim.o(i.TIM_TimeBaseInit)
    UsageFault_Handler                       0x0800064d   Thumb Code     4  stm32f10x_it.o(i.UsageFault_Handler)
    __scatterload_copy                       0x08000651   Thumb Code    14  handlers.o(i.__scatterload_copy)
    __scatterload_null                       0x0800065f   Thumb Code     2  handlers.o(i.__scatterload_null)
    __scatterload_zeroinit                   0x08000661   Thumb Code    14  handlers.o(i.__scatterload_zeroinit)
    main                                     0x0800066f   Thumb Code    12  main.o(i.main)
    Region$$Table$$Base                      0x0800067c   Number         0  anon$$obj.o(Region$$Table)
    Region$$Table$$Limit                     0x0800069c   Number         0  anon$$obj.o(Region$$Table)
    GPIO_InitStructure                       0x20000000   Data           4  main.o(.data)
    NVIC_InitStructure                       0x20000004   Data           4  main.o(.data)
    TIM_TimeBaseInitStructure                0x20000008   Data          10  main.o(.bss)
    __initial_sp                             0x20000418   Data           0  startup_stm32f10x_md.o(STACK)



==============================================================================

Memory Map of the image

  Image Entry point : 0x08000101

  Load Region LR_1 (Base: 0x08000000, Size: 0x000006a4, Max: 0xffffffff, ABSOLUTE)

    Execution Region ER_RO (Base: 0x08000000, Size: 0x0000069c, Max: 0xffffffff, ABSOLUTE)

    Base Addr    Size         Type   Attr      Idx    E Section Name        Object

    0x08000000   0x000000ec   Data   RO           19    RESET               startup_stm32f10x_md.o
    0x080000ec   0x00000000   Code   RO         1136  * .ARM.Collect$$$$00000000  mc_w.l(entry.o)
    0x080000ec   0x00000004   Code   RO         1139    .ARM.Collect$$$$00000001  mc_w.l(entry2.o)
    0x080000f0   0x00000004   Code   RO         1142    .ARM.Collect$$$$00000004  mc_w.l(entry5.o)
    0x080000f4   0x00000000   Code   RO         1144    .ARM.Collect$$$$00000008  mc_w.l(entry7b.o)
    0x080000f4   0x00000000   Code   RO         1146    .ARM.Collect$$$$0000000A  mc_w.l(entry8b.o)
    0x080000f4   0x00000008   Code   RO         1147    .ARM.Collect$$$$0000000B  mc_w.l(entry9a.o)
    0x080000fc   0x00000000   Code   RO         1149    .ARM.Collect$$$$0000000D  mc_w.l(entry10a.o)
    0x080000fc   0x00000000   Code   RO         1151    .ARM.Collect$$$$0000000F  mc_w.l(entry11a.o)
    0x080000fc   0x00000004   Code   RO         1140    .ARM.Collect$$$$00002712  mc_w.l(entry2.o)
    0x08000100   0x00000024   Code   RO           20  * .text               startup_stm32f10x_md.o
    0x08000124   0x00000024   Code   RO         1153    .text               mc_w.l(init.o)
    0x08000148   0x00000004   Code   RO         1033    i.BusFault_Handler  stm32f10x_it.o
    0x0800014c   0x00000002   Code   RO         1034    i.DebugMon_Handler  stm32f10x_it.o
    0x0800014e   0x00000116   Code   RO          149    i.GPIO_Init         stm32f10x_gpio.o
    0x08000264   0x00000012   Code   RO          153    i.GPIO_ReadInputDataBit  stm32f10x_gpio.o
    0x08000276   0x0000000a   Code   RO          160    i.GPIO_WriteBit     stm32f10x_gpio.o
    0x08000280   0x00000004   Code   RO         1035    i.HardFault_Handler  stm32f10x_it.o
    0x08000284   0x0000002c   Code   RO         1005    i.Init_GPIO         main.o
    0x080002b0   0x00000060   Code   RO         1006    i.Init_Timer_4      main.o
    0x08000310   0x00000004   Code   RO         1036    i.MemManage_Handler  stm32f10x_it.o
    0x08000314   0x00000002   Code   RO         1037    i.NMI_Handler       stm32f10x_it.o
    0x08000316   0x00000002   PAD
    0x08000318   0x00000070   Code   RO           24    i.NVIC_Init         misc.o
    0x08000388   0x00000002   Code   RO         1038    i.PendSV_Handler    stm32f10x_it.o
    0x0800038a   0x00000002   PAD
    0x0800038c   0x00000020   Code   RO          259    i.RCC_APB1PeriphClockCmd  stm32f10x_rcc.o
    0x080003ac   0x00000020   Code   RO          261    i.RCC_APB2PeriphClockCmd  stm32f10x_rcc.o
    0x080003cc   0x00000002   Code   RO         1039    i.SVC_Handler       stm32f10x_it.o
    0x080003ce   0x00000008   Code   RO         1102    i.SetSysClock       system_stm32f10x.o
    0x080003d6   0x00000002   PAD
    0x080003d8   0x000000e0   Code   RO         1103    i.SetSysClockTo72   system_stm32f10x.o
    0x080004b8   0x00000002   Code   RO         1040    i.SysTick_Handler   stm32f10x_it.o
    0x080004ba   0x00000002   PAD
    0x080004bc   0x00000060   Code   RO         1105    i.SystemInit        system_stm32f10x.o
    0x0800051c   0x00000038   Code   RO         1041    i.TIM4_IRQHandler   stm32f10x_it.o
    0x08000554   0x00000006   Code   RO          467    i.TIM_ClearFlag     stm32f10x_tim.o
    0x0800055a   0x00000018   Code   RO          473    i.TIM_Cmd           stm32f10x_tim.o
    0x08000572   0x00000022   Code   RO          494    i.TIM_GetITStatus   stm32f10x_tim.o
    0x08000594   0x00000012   Code   RO          498    i.TIM_ITConfig      stm32f10x_tim.o
    0x080005a6   0x00000002   PAD
    0x080005a8   0x000000a4   Code   RO          544    i.TIM_TimeBaseInit  stm32f10x_tim.o
    0x0800064c   0x00000004   Code   RO         1042    i.UsageFault_Handler  stm32f10x_it.o
    0x08000650   0x0000000e   Code   RO         1157    i.__scatterload_copy  mc_w.l(handlers.o)
    0x0800065e   0x00000002   Code   RO         1158    i.__scatterload_null  mc_w.l(handlers.o)
    0x08000660   0x0000000e   Code   RO         1159    i.__scatterload_zeroinit  mc_w.l(handlers.o)
    0x0800066e   0x0000000c   Code   RO         1007    i.main              main.o
    0x0800067a   0x00000002   PAD
    0x0800067c   0x00000020   Data   RO         1155    Region$$Table       anon$$obj.o


    Execution Region ER_RW (Base: 0x20000000, Size: 0x00000008, Max: 0xffffffff, ABSOLUTE)

    Base Addr    Size         Type   Attr      Idx    E Section Name        Object

    0x20000000   0x00000008   Data   RW         1009    .data               main.o


    Execution Region ER_ZI (Base: 0x20000008, Size: 0x00000410, Max: 0xffffffff, ABSOLUTE)

    Base Addr    Size         Type   Attr      Idx    E Section Name        Object

    0x20000008   0x0000000a   Zero   RW         1008    .bss                main.o
    0x20000012   0x00000006   PAD
    0x20000018   0x00000400   Zero   RW           17    STACK               startup_stm32f10x_md.o


==============================================================================

Image component sizes


      Code (inc. data)   RO Data    RW Data    ZI Data      Debug   Object Name

         0          0          0          0          0       4540   core_cm3.o
       152         22          0          8         10       1548   main.o
       112         12          0          0          0     233380   misc.o
        36          8        236          0       1024        864   startup_stm32f10x_md.o
       306          0          0          0          0       3188   stm32f10x_gpio.o
        82          8          0          0          0       3888   stm32f10x_it.o
        64         12          0          0          0       1146   stm32f10x_rcc.o
       246         42          0          0          0       3566   stm32f10x_tim.o
       328         28          0          0          0       1741   system_stm32f10x.o

    ----------------------------------------------------------------------
      1338        132        268          8       1040     253861   Object Totals
         0          0         32          0          0          0   (incl. Generated)
        12          0          0          0          6          0   (incl. Padding)

    ----------------------------------------------------------------------

      Code (inc. data)   RO Data    RW Data    ZI Data      Debug   Library Member Name

         0          0          0          0          0          0   entry.o
         0          0          0          0          0          0   entry10a.o
         0          0          0          0          0          0   entry11a.o
         8          4          0          0          0          0   entry2.o
         4          0          0          0          0          0   entry5.o
         0          0          0          0          0          0   entry7b.o
         0          0          0          0          0          0   entry8b.o
         8          4          0          0          0          0   entry9a.o
        30          0          0          0          0          0   handlers.o
        36          8          0          0          0         68   init.o

    ----------------------------------------------------------------------
        86         16          0          0          0         68   Library Totals
         0          0          0          0          0          0   (incl. Padding)

    ----------------------------------------------------------------------

      Code (inc. data)   RO Data    RW Data    ZI Data      Debug   Library Name

        86         16          0          0          0         68   mc_w.l

    ----------------------------------------------------------------------
        86         16          0          0          0         68   Library Totals

    ----------------------------------------------------------------------

==============================================================================


      Code (inc. data)   RO Data    RW Data    ZI Data      Debug   

      1424        148        268          8       1040     252833   Grand Totals
      1424        148        268          8       1040     252833   ELF Image Totals
      1424        148        268          8          0          0   ROM Totals

==============================================================================

    Total RO  Size (Code + RO Data)                 1692 (   1.65kB)
    Total RW  Size (RW Data + ZI Data)              1048 (   1.02kB)
    Total ROM Size (Code + RO Data + RW Data)       1700 (   1.66kB)

==============================================================================

