Component: ARM Compiler 5.06 update 6 (build 750) Tool: armlink [4d35ed]

==============================================================================

Section Cross References

    startup_stm32f10x_md.o(RESET) refers to startup_stm32f10x_md.o(STACK) for __initial_sp
    startup_stm32f10x_md.o(RESET) refers to startup_stm32f10x_md.o(.text) for Reset_Handler
    startup_stm32f10x_md.o(RESET) refers to stm32f10x_it.o(i.NMI_Handler) for NMI_Handler
    startup_stm32f10x_md.o(RESET) refers to stm32f10x_it.o(i.HardFault_Handler) for HardFault_Handler
    startup_stm32f10x_md.o(RESET) refers to stm32f10x_it.o(i.MemManage_Handler) for MemManage_Handler
    startup_stm32f10x_md.o(RESET) refers to stm32f10x_it.o(i.BusFault_Handler) for BusFault_Handler
    startup_stm32f10x_md.o(RESET) refers to stm32f10x_it.o(i.UsageFault_Handler) for UsageFault_Handler
    startup_stm32f10x_md.o(RESET) refers to stm32f10x_it.o(i.SVC_Handler) for SVC_Handler
    startup_stm32f10x_md.o(RESET) refers to stm32f10x_it.o(i.DebugMon_Handler) for DebugMon_Handler
    startup_stm32f10x_md.o(RESET) refers to stm32f10x_it.o(i.PendSV_Handler) for PendSV_Handler
    startup_stm32f10x_md.o(RESET) refers to stm32f10x_it.o(i.SysTick_Handler) for SysTick_Handler
    startup_stm32f10x_md.o(RESET) refers to stm32f10x_it.o(i.SPI1_IRQHandler) for SPI1_IRQHandler
    startup_stm32f10x_md.o(RESET) refers to stm32f10x_it.o(i.SPI2_IRQHandler) for SPI2_IRQHandler
    startup_stm32f10x_md.o(.text) refers to system_stm32f10x.o(i.SystemInit) for SystemInit
    startup_stm32f10x_md.o(.text) refers to entry.o(.ARM.Collect$$$$00000000) for __main
    stm32f10x_gpio.o(i.GPIO_AFIODeInit) refers to stm32f10x_rcc.o(i.RCC_APB2PeriphResetCmd) for RCC_APB2PeriphResetCmd
    stm32f10x_gpio.o(i.GPIO_DeInit) refers to stm32f10x_rcc.o(i.RCC_APB2PeriphResetCmd) for RCC_APB2PeriphResetCmd
    stm32f10x_rcc.o(i.RCC_GetClocksFreq) refers to stm32f10x_rcc.o(.data) for APBAHBPrescTable
    stm32f10x_rcc.o(i.RCC_WaitForHSEStartUp) refers to stm32f10x_rcc.o(i.RCC_GetFlagStatus) for RCC_GetFlagStatus
    stm32f10x_spi.o(i.I2S_Init) refers to stm32f10x_rcc.o(i.RCC_GetClocksFreq) for RCC_GetClocksFreq
    stm32f10x_spi.o(i.SPI_I2S_DeInit) refers to stm32f10x_rcc.o(i.RCC_APB2PeriphResetCmd) for RCC_APB2PeriphResetCmd
    stm32f10x_spi.o(i.SPI_I2S_DeInit) refers to stm32f10x_rcc.o(i.RCC_APB1PeriphResetCmd) for RCC_APB1PeriphResetCmd
    main.o(i.GPIO_Configuration) refers to stm32f10x_rcc.o(i.RCC_APB2PeriphClockCmd) for RCC_APB2PeriphClockCmd
    main.o(i.GPIO_Configuration) refers to stm32f10x_gpio.o(i.GPIO_Init) for GPIO_Init
    main.o(i.GPIO_Configuration) refers to stm32f10x_gpio.o(i.GPIO_WriteBit) for GPIO_WriteBit
    main.o(i.GPIO_Configuration) refers to main.o(.data) for GPIO_InitStructure
    main.o(i.NVIC_Configuration) refers to misc.o(i.NVIC_PriorityGroupConfig) for NVIC_PriorityGroupConfig
    main.o(i.NVIC_Configuration) refers to misc.o(i.NVIC_Init) for NVIC_Init
    main.o(i.NVIC_Configuration) refers to main.o(.data) for NVIC_InitStructure
    main.o(i.SPI1_Master_Con) refers to stm32f10x_rcc.o(i.RCC_APB2PeriphClockCmd) for RCC_APB2PeriphClockCmd
    main.o(i.SPI1_Master_Con) refers to stm32f10x_gpio.o(i.GPIO_Init) for GPIO_Init
    main.o(i.SPI1_Master_Con) refers to stm32f10x_spi.o(i.SPI_Init) for SPI_Init
    main.o(i.SPI1_Master_Con) refers to stm32f10x_spi.o(i.SPI_I2S_ITConfig) for SPI_I2S_ITConfig
    main.o(i.SPI1_Master_Con) refers to stm32f10x_spi.o(i.SPI_Cmd) for SPI_Cmd
    main.o(i.SPI1_Master_Con) refers to main.o(.data) for GPIO_InitStructure
    main.o(i.SPI1_Master_Con) refers to main.o(.bss) for SPI_InitStructure
    main.o(i.SPI2_Slave_Con) refers to stm32f10x_rcc.o(i.RCC_APB1PeriphClockCmd) for RCC_APB1PeriphClockCmd
    main.o(i.SPI2_Slave_Con) refers to stm32f10x_rcc.o(i.RCC_APB2PeriphClockCmd) for RCC_APB2PeriphClockCmd
    main.o(i.SPI2_Slave_Con) refers to stm32f10x_gpio.o(i.GPIO_Init) for GPIO_Init
    main.o(i.SPI2_Slave_Con) refers to stm32f10x_spi.o(i.SPI_Init) for SPI_Init
    main.o(i.SPI2_Slave_Con) refers to stm32f10x_spi.o(i.SPI_I2S_ITConfig) for SPI_I2S_ITConfig
    main.o(i.SPI2_Slave_Con) refers to stm32f10x_spi.o(i.SPI_Cmd) for SPI_Cmd
    main.o(i.SPI2_Slave_Con) refers to main.o(.data) for GPIO_InitStructure
    main.o(i.SPI2_Slave_Con) refers to main.o(.bss) for SPI_InitStructure
    main.o(i.main) refers to main.o(i.GPIO_Configuration) for GPIO_Configuration
    main.o(i.main) refers to main.o(i.SPI1_Master_Con) for SPI1_Master_Con
    main.o(i.main) refers to main.o(i.SPI2_Slave_Con) for SPI2_Slave_Con
    main.o(i.main) refers to main.o(i.NVIC_Configuration) for NVIC_Configuration
    main.o(i.main) refers to main.o(i.Delay_ms) for Delay_ms
    main.o(i.main) refers to stm32f10x_gpio.o(i.GPIO_ReadInputDataBit) for GPIO_ReadInputDataBit
    main.o(i.main) refers to stm32f10x_spi.o(i.SPI_I2S_ITConfig) for SPI_I2S_ITConfig
    main.o(i.main) refers to stm32f10x_gpio.o(i.GPIO_WriteBit) for GPIO_WriteBit
    main.o(i.main) refers to stm32f10x_spi.o(i.SPI_I2S_GetFlagStatus) for SPI_I2S_GetFlagStatus
    main.o(i.main) refers to stm32f10x_spi.o(i.SPI_I2S_SendData) for SPI_I2S_SendData
    main.o(i.main) refers to system_stm32f10x.o(.data) for SystemCoreClock
    main.o(i.main) refers to main.o(.data) for S_Rx
    stm32f10x_it.o(i.SPI1_IRQHandler) refers to stm32f10x_spi.o(i.SPI_I2S_GetITStatus) for SPI_I2S_GetITStatus
    stm32f10x_it.o(i.SPI1_IRQHandler) refers to stm32f10x_spi.o(i.SPI_I2S_ReceiveData) for SPI_I2S_ReceiveData
    stm32f10x_it.o(i.SPI1_IRQHandler) refers to stm32f10x_spi.o(i.SPI_I2S_ClearFlag) for SPI_I2S_ClearFlag
    stm32f10x_it.o(i.SPI1_IRQHandler) refers to main.o(.bss) for SPI_MASTER_Buffer_Rx
    stm32f10x_it.o(i.SPI1_IRQHandler) refers to main.o(.data) for M_Rx
    stm32f10x_it.o(i.SPI2_IRQHandler) refers to stm32f10x_spi.o(i.SPI_I2S_GetITStatus) for SPI_I2S_GetITStatus
    stm32f10x_it.o(i.SPI2_IRQHandler) refers to stm32f10x_spi.o(i.SPI_I2S_ReceiveData) for SPI_I2S_ReceiveData
    stm32f10x_it.o(i.SPI2_IRQHandler) refers to stm32f10x_spi.o(i.SPI_I2S_GetFlagStatus) for SPI_I2S_GetFlagStatus
    stm32f10x_it.o(i.SPI2_IRQHandler) refers to stm32f10x_spi.o(i.SPI_I2S_SendData) for SPI_I2S_SendData
    stm32f10x_it.o(i.SPI2_IRQHandler) refers to stm32f10x_spi.o(i.SPI_I2S_ClearFlag) for SPI_I2S_ClearFlag
    stm32f10x_it.o(i.SPI2_IRQHandler) refers to main.o(.bss) for SPI_SLAVE_Buffer_Rx
    stm32f10x_it.o(i.SPI2_IRQHandler) refers to main.o(.data) for S_Rx
    system_stm32f10x.o(i.SetSysClock) refers to system_stm32f10x.o(i.SetSysClockTo72) for SetSysClockTo72
    system_stm32f10x.o(i.SystemCoreClockUpdate) refers to system_stm32f10x.o(.data) for SystemCoreClock
    system_stm32f10x.o(i.SystemInit) refers to system_stm32f10x.o(i.SetSysClock) for SetSysClock
    entry.o(.ARM.Collect$$$$00000000) refers (Special) to entry10a.o(.ARM.Collect$$$$0000000D) for __rt_final_cpp
    entry.o(.ARM.Collect$$$$00000000) refers (Special) to entry11a.o(.ARM.Collect$$$$0000000F) for __rt_final_exit
    entry.o(.ARM.Collect$$$$00000000) refers (Special) to entry7b.o(.ARM.Collect$$$$00000008) for _main_clock
    entry.o(.ARM.Collect$$$$00000000) refers (Special) to entry8b.o(.ARM.Collect$$$$0000000A) for _main_cpp_init
    entry.o(.ARM.Collect$$$$00000000) refers (Special) to entry9a.o(.ARM.Collect$$$$0000000B) for _main_init
    entry.o(.ARM.Collect$$$$00000000) refers (Special) to entry5.o(.ARM.Collect$$$$00000004) for _main_scatterload
    entry.o(.ARM.Collect$$$$00000000) refers (Special) to entry2.o(.ARM.Collect$$$$00000001) for _main_stk
    entry2.o(.ARM.Collect$$$$00000001) refers to entry2.o(.ARM.Collect$$$$00002712) for __lit__00000000
    entry2.o(.ARM.Collect$$$$00002712) refers to startup_stm32f10x_md.o(STACK) for __initial_sp
    entry2.o(__vectab_stack_and_reset_area) refers to startup_stm32f10x_md.o(STACK) for __initial_sp
    entry2.o(__vectab_stack_and_reset_area) refers to entry.o(.ARM.Collect$$$$00000000) for __main
    entry5.o(.ARM.Collect$$$$00000004) refers to init.o(.text) for __scatterload
    entry9a.o(.ARM.Collect$$$$0000000B) refers to main.o(i.main) for main
    entry9b.o(.ARM.Collect$$$$0000000C) refers to main.o(i.main) for main
    init.o(.text) refers to entry5.o(.ARM.Collect$$$$00000004) for __main_after_scatterload


==============================================================================

Removing Unused input sections from the image.

    Removing core_cm3.o(.emb_text), (32 bytes).
    Removing startup_stm32f10x_md.o(HEAP), (512 bytes).
    Removing misc.o(i.NVIC_SetVectorTable), (20 bytes).
    Removing misc.o(i.NVIC_SystemLPConfig), (32 bytes).
    Removing misc.o(i.SysTick_CLKSourceConfig), (40 bytes).
    Removing stm32f10x_gpio.o(i.GPIO_AFIODeInit), (20 bytes).
    Removing stm32f10x_gpio.o(i.GPIO_DeInit), (200 bytes).
    Removing stm32f10x_gpio.o(i.GPIO_ETH_MediaInterfaceConfig), (12 bytes).
    Removing stm32f10x_gpio.o(i.GPIO_EXTILineConfig), (64 bytes).
    Removing stm32f10x_gpio.o(i.GPIO_EventOutputCmd), (12 bytes).
    Removing stm32f10x_gpio.o(i.GPIO_EventOutputConfig), (32 bytes).
    Removing stm32f10x_gpio.o(i.GPIO_PinLockConfig), (18 bytes).
    Removing stm32f10x_gpio.o(i.GPIO_PinRemapConfig), (144 bytes).
    Removing stm32f10x_gpio.o(i.GPIO_ReadInputData), (8 bytes).
    Removing stm32f10x_gpio.o(i.GPIO_ReadOutputData), (8 bytes).
    Removing stm32f10x_gpio.o(i.GPIO_ReadOutputDataBit), (18 bytes).
    Removing stm32f10x_gpio.o(i.GPIO_ResetBits), (4 bytes).
    Removing stm32f10x_gpio.o(i.GPIO_SetBits), (4 bytes).
    Removing stm32f10x_gpio.o(i.GPIO_StructInit), (16 bytes).
    Removing stm32f10x_gpio.o(i.GPIO_Write), (4 bytes).
    Removing stm32f10x_rcc.o(i.RCC_ADCCLKConfig), (24 bytes).
    Removing stm32f10x_rcc.o(i.RCC_AHBPeriphClockCmd), (32 bytes).
    Removing stm32f10x_rcc.o(i.RCC_APB1PeriphResetCmd), (32 bytes).
    Removing stm32f10x_rcc.o(i.RCC_APB2PeriphResetCmd), (32 bytes).
    Removing stm32f10x_rcc.o(i.RCC_AdjustHSICalibrationValue), (24 bytes).
    Removing stm32f10x_rcc.o(i.RCC_BackupResetCmd), (12 bytes).
    Removing stm32f10x_rcc.o(i.RCC_ClearFlag), (20 bytes).
    Removing stm32f10x_rcc.o(i.RCC_ClearITPendingBit), (12 bytes).
    Removing stm32f10x_rcc.o(i.RCC_ClockSecuritySystemCmd), (12 bytes).
    Removing stm32f10x_rcc.o(i.RCC_DeInit), (76 bytes).
    Removing stm32f10x_rcc.o(i.RCC_GetClocksFreq), (212 bytes).
    Removing stm32f10x_rcc.o(i.RCC_GetFlagStatus), (60 bytes).
    Removing stm32f10x_rcc.o(i.RCC_GetITStatus), (24 bytes).
    Removing stm32f10x_rcc.o(i.RCC_GetSYSCLKSource), (16 bytes).
    Removing stm32f10x_rcc.o(i.RCC_HCLKConfig), (24 bytes).
    Removing stm32f10x_rcc.o(i.RCC_HSEConfig), (76 bytes).
    Removing stm32f10x_rcc.o(i.RCC_HSICmd), (12 bytes).
    Removing stm32f10x_rcc.o(i.RCC_ITConfig), (32 bytes).
    Removing stm32f10x_rcc.o(i.RCC_LSEConfig), (52 bytes).
    Removing stm32f10x_rcc.o(i.RCC_LSICmd), (12 bytes).
    Removing stm32f10x_rcc.o(i.RCC_MCOConfig), (12 bytes).
    Removing stm32f10x_rcc.o(i.RCC_PCLK1Config), (24 bytes).
    Removing stm32f10x_rcc.o(i.RCC_PCLK2Config), (24 bytes).
    Removing stm32f10x_rcc.o(i.RCC_PLLCmd), (12 bytes).
    Removing stm32f10x_rcc.o(i.RCC_PLLConfig), (28 bytes).
    Removing stm32f10x_rcc.o(i.RCC_RTCCLKCmd), (12 bytes).
    Removing stm32f10x_rcc.o(i.RCC_RTCCLKConfig), (16 bytes).
    Removing stm32f10x_rcc.o(i.RCC_SYSCLKConfig), (24 bytes).
    Removing stm32f10x_rcc.o(i.RCC_USBCLKConfig), (12 bytes).
    Removing stm32f10x_rcc.o(i.RCC_WaitForHSEStartUp), (56 bytes).
    Removing stm32f10x_rcc.o(.data), (20 bytes).
    Removing stm32f10x_spi.o(i.I2S_Cmd), (24 bytes).
    Removing stm32f10x_spi.o(i.I2S_Init), (232 bytes).
    Removing stm32f10x_spi.o(i.I2S_StructInit), (20 bytes).
    Removing stm32f10x_spi.o(i.SPI_BiDirectionalLineConfig), (28 bytes).
    Removing stm32f10x_spi.o(i.SPI_CalculateCRC), (24 bytes).
    Removing stm32f10x_spi.o(i.SPI_DataSizeConfig), (18 bytes).
    Removing stm32f10x_spi.o(i.SPI_GetCRC), (16 bytes).
    Removing stm32f10x_spi.o(i.SPI_GetCRCPolynomial), (6 bytes).
    Removing stm32f10x_spi.o(i.SPI_I2S_ClearITPendingBit), (20 bytes).
    Removing stm32f10x_spi.o(i.SPI_I2S_DMACmd), (18 bytes).
    Removing stm32f10x_spi.o(i.SPI_I2S_DeInit), (88 bytes).
    Removing stm32f10x_spi.o(i.SPI_NSSInternalSoftwareConfig), (30 bytes).
    Removing stm32f10x_spi.o(i.SPI_SSOutputCmd), (24 bytes).
    Removing stm32f10x_spi.o(i.SPI_StructInit), (24 bytes).
    Removing stm32f10x_spi.o(i.SPI_TransmitCRC), (10 bytes).
    Removing main.o(i.Delay_ns), (16 bytes).
    Removing system_stm32f10x.o(i.SystemCoreClockUpdate), (164 bytes).

68 unused section(s) (total 2998 bytes) removed from the image.

==============================================================================

Image Symbol Table

    Local Symbols

    Symbol Name                              Value     Ov Type        Size  Object(Section)

    ../clib/microlib/init/entry.s            0x00000000   Number         0  entry2.o ABSOLUTE
    ../clib/microlib/init/entry.s            0x00000000   Number         0  entry11b.o ABSOLUTE
    ../clib/microlib/init/entry.s            0x00000000   Number         0  entry5.o ABSOLUTE
    ../clib/microlib/init/entry.s            0x00000000   Number         0  entry11a.o ABSOLUTE
    ../clib/microlib/init/entry.s            0x00000000   Number         0  entry10b.o ABSOLUTE
    ../clib/microlib/init/entry.s            0x00000000   Number         0  entry10a.o ABSOLUTE
    ../clib/microlib/init/entry.s            0x00000000   Number         0  entry9b.o ABSOLUTE
    ../clib/microlib/init/entry.s            0x00000000   Number         0  entry8a.o ABSOLUTE
    ../clib/microlib/init/entry.s            0x00000000   Number         0  entry7a.o ABSOLUTE
    ../clib/microlib/init/entry.s            0x00000000   Number         0  entry9a.o ABSOLUTE
    ../clib/microlib/init/entry.s            0x00000000   Number         0  entry7b.o ABSOLUTE
    ../clib/microlib/init/entry.s            0x00000000   Number         0  entry8b.o ABSOLUTE
    ../clib/microlib/init/entry.s            0x00000000   Number         0  entry.o ABSOLUTE
    ..\..\lib\CMSIS\CM3\CoreSupport\core_cm3.c 0x00000000   Number         0  core_cm3.o ABSOLUTE
    ..\..\lib\CMSIS\CM3\DeviceSupport\ST\STM32F10x\startup\arm\startup_stm32f10x_md.s 0x00000000   Number         0  startup_stm32f10x_md.o ABSOLUTE
    ..\..\lib\STM32F10x_StdPeriph_Driver\src\misc.c 0x00000000   Number         0  misc.o ABSOLUTE
    ..\..\lib\STM32F10x_StdPeriph_Driver\src\stm32f10x_gpio.c 0x00000000   Number         0  stm32f10x_gpio.o ABSOLUTE
    ..\..\lib\STM32F10x_StdPeriph_Driver\src\stm32f10x_rcc.c 0x00000000   Number         0  stm32f10x_rcc.o ABSOLUTE
    ..\..\lib\STM32F10x_StdPeriph_Driver\src\stm32f10x_spi.c 0x00000000   Number         0  stm32f10x_spi.o ABSOLUTE
    ..\\..\\lib\\CMSIS\\CM3\\CoreSupport\\core_cm3.c 0x00000000   Number         0  core_cm3.o ABSOLUTE
    ..\main.c                                0x00000000   Number         0  main.o ABSOLUTE
    ..\stm32f10x_it.c                        0x00000000   Number         0  stm32f10x_it.o ABSOLUTE
    ..\system_stm32f10x.c                    0x00000000   Number         0  system_stm32f10x.o ABSOLUTE
    dc.s                                     0x00000000   Number         0  dc.o ABSOLUTE
    handlers.s                               0x00000000   Number         0  handlers.o ABSOLUTE
    init.s                                   0x00000000   Number         0  init.o ABSOLUTE
    RESET                                    0x08000000   Section      236  startup_stm32f10x_md.o(RESET)
    .ARM.Collect$$$$00000000                 0x080000ec   Section        0  entry.o(.ARM.Collect$$$$00000000)
    .ARM.Collect$$$$00000001                 0x080000ec   Section        4  entry2.o(.ARM.Collect$$$$00000001)
    .ARM.Collect$$$$00000004                 0x080000f0   Section        4  entry5.o(.ARM.Collect$$$$00000004)
    .ARM.Collect$$$$00000008                 0x080000f4   Section        0  entry7b.o(.ARM.Collect$$$$00000008)
    .ARM.Collect$$$$0000000A                 0x080000f4   Section        0  entry8b.o(.ARM.Collect$$$$0000000A)
    .ARM.Collect$$$$0000000B                 0x080000f4   Section        8  entry9a.o(.ARM.Collect$$$$0000000B)
    .ARM.Collect$$$$0000000D                 0x080000fc   Section        0  entry10a.o(.ARM.Collect$$$$0000000D)
    .ARM.Collect$$$$0000000F                 0x080000fc   Section        0  entry11a.o(.ARM.Collect$$$$0000000F)
    .ARM.Collect$$$$00002712                 0x080000fc   Section        4  entry2.o(.ARM.Collect$$$$00002712)
    __lit__00000000                          0x080000fc   Data           4  entry2.o(.ARM.Collect$$$$00002712)
    .text                                    0x08000100   Section       36  startup_stm32f10x_md.o(.text)
    .text                                    0x08000124   Section       36  init.o(.text)
    i.BusFault_Handler                       0x08000148   Section        0  stm32f10x_it.o(i.BusFault_Handler)
    i.DebugMon_Handler                       0x0800014c   Section        0  stm32f10x_it.o(i.DebugMon_Handler)
    i.Delay_ms                               0x0800014e   Section        0  main.o(i.Delay_ms)
    i.GPIO_Configuration                     0x08000164   Section        0  main.o(i.GPIO_Configuration)
    i.GPIO_Init                              0x080001b4   Section        0  stm32f10x_gpio.o(i.GPIO_Init)
    i.GPIO_ReadInputDataBit                  0x080002ca   Section        0  stm32f10x_gpio.o(i.GPIO_ReadInputDataBit)
    i.GPIO_WriteBit                          0x080002dc   Section        0  stm32f10x_gpio.o(i.GPIO_WriteBit)
    i.HardFault_Handler                      0x080002e6   Section        0  stm32f10x_it.o(i.HardFault_Handler)
    i.MemManage_Handler                      0x080002ea   Section        0  stm32f10x_it.o(i.MemManage_Handler)
    i.NMI_Handler                            0x080002ee   Section        0  stm32f10x_it.o(i.NMI_Handler)
    i.NVIC_Configuration                     0x080002f0   Section        0  main.o(i.NVIC_Configuration)
    i.NVIC_Init                              0x0800032c   Section        0  misc.o(i.NVIC_Init)
    i.NVIC_PriorityGroupConfig               0x0800039c   Section        0  misc.o(i.NVIC_PriorityGroupConfig)
    i.PendSV_Handler                         0x080003b0   Section        0  stm32f10x_it.o(i.PendSV_Handler)
    i.RCC_APB1PeriphClockCmd                 0x080003b4   Section        0  stm32f10x_rcc.o(i.RCC_APB1PeriphClockCmd)
    i.RCC_APB2PeriphClockCmd                 0x080003d4   Section        0  stm32f10x_rcc.o(i.RCC_APB2PeriphClockCmd)
    i.SPI1_IRQHandler                        0x080003f4   Section        0  stm32f10x_it.o(i.SPI1_IRQHandler)
    i.SPI1_Master_Con                        0x08000454   Section        0  main.o(i.SPI1_Master_Con)
    i.SPI2_IRQHandler                        0x080004e8   Section        0  stm32f10x_it.o(i.SPI2_IRQHandler)
    i.SPI2_Slave_Con                         0x0800056c   Section        0  main.o(i.SPI2_Slave_Con)
    i.SPI_Cmd                                0x08000608   Section        0  stm32f10x_spi.o(i.SPI_Cmd)
    i.SPI_I2S_ClearFlag                      0x08000620   Section        0  stm32f10x_spi.o(i.SPI_I2S_ClearFlag)
    i.SPI_I2S_GetFlagStatus                  0x08000626   Section        0  stm32f10x_spi.o(i.SPI_I2S_GetFlagStatus)
    i.SPI_I2S_GetITStatus                    0x08000638   Section        0  stm32f10x_spi.o(i.SPI_I2S_GetITStatus)
    i.SPI_I2S_ITConfig                       0x0800066c   Section        0  stm32f10x_spi.o(i.SPI_I2S_ITConfig)
    i.SPI_I2S_ReceiveData                    0x0800068c   Section        0  stm32f10x_spi.o(i.SPI_I2S_ReceiveData)
    i.SPI_I2S_SendData                       0x08000692   Section        0  stm32f10x_spi.o(i.SPI_I2S_SendData)
    i.SPI_Init                               0x08000696   Section        0  stm32f10x_spi.o(i.SPI_Init)
    i.SVC_Handler                            0x080006d2   Section        0  stm32f10x_it.o(i.SVC_Handler)
    i.SetSysClock                            0x080006d4   Section        0  system_stm32f10x.o(i.SetSysClock)
    SetSysClock                              0x080006d5   Thumb Code     8  system_stm32f10x.o(i.SetSysClock)
    i.SetSysClockTo72                        0x080006dc   Section        0  system_stm32f10x.o(i.SetSysClockTo72)
    SetSysClockTo72                          0x080006dd   Thumb Code   214  system_stm32f10x.o(i.SetSysClockTo72)
    i.SysTick_Handler                        0x080007bc   Section        0  stm32f10x_it.o(i.SysTick_Handler)
    i.SystemInit                             0x080007c0   Section        0  system_stm32f10x.o(i.SystemInit)
    i.UsageFault_Handler                     0x08000820   Section        0  stm32f10x_it.o(i.UsageFault_Handler)
    i.__scatterload_copy                     0x08000824   Section       14  handlers.o(i.__scatterload_copy)
    i.__scatterload_null                     0x08000832   Section        2  handlers.o(i.__scatterload_null)
    i.__scatterload_zeroinit                 0x08000834   Section       14  handlers.o(i.__scatterload_zeroinit)
    i.main                                   0x08000844   Section        0  main.o(i.main)
    .data                                    0x20000000   Section       46  main.o(.data)
    .data                                    0x20000030   Section       20  system_stm32f10x.o(.data)
    .bss                                     0x20000044   Section      117  main.o(.bss)
    STACK                                    0x200000c0   Section     1024  startup_stm32f10x_md.o(STACK)

    Global Symbols

    Symbol Name                              Value     Ov Type        Size  Object(Section)

    BuildAttributes$$THM_ISAv4$P$D$K$B$S$PE$A:L22UL41UL21$X:L11$S22US41US21$IEEE1$IW$USESV6$~STKCKD$USESV7$~SHL$OSPACE$EBA8$MICROLIB$REQ8$PRES8$EABIv2 0x00000000   Number         0  anon$$obj.o ABSOLUTE
    __ARM_use_no_argv                        0x00000000   Number         0  main.o ABSOLUTE
    __cpp_initialize__aeabi_                  - Undefined Weak Reference
    __cxa_finalize                            - Undefined Weak Reference
    __decompress                              - Undefined Weak Reference
    _clock_init                               - Undefined Weak Reference
    _microlib_exit                            - Undefined Weak Reference
    __Vectors_Size                           0x000000ec   Number         0  startup_stm32f10x_md.o ABSOLUTE
    __Vectors                                0x08000000   Data           4  startup_stm32f10x_md.o(RESET)
    __Vectors_End                            0x080000ec   Data           0  startup_stm32f10x_md.o(RESET)
    __main                                   0x080000ed   Thumb Code     0  entry.o(.ARM.Collect$$$$00000000)
    _main_stk                                0x080000ed   Thumb Code     0  entry2.o(.ARM.Collect$$$$00000001)
    _main_scatterload                        0x080000f1   Thumb Code     0  entry5.o(.ARM.Collect$$$$00000004)
    __main_after_scatterload                 0x080000f5   Thumb Code     0  entry5.o(.ARM.Collect$$$$00000004)
    _main_clock                              0x080000f5   Thumb Code     0  entry7b.o(.ARM.Collect$$$$00000008)
    _main_cpp_init                           0x080000f5   Thumb Code     0  entry8b.o(.ARM.Collect$$$$0000000A)
    _main_init                               0x080000f5   Thumb Code     0  entry9a.o(.ARM.Collect$$$$0000000B)
    __rt_final_cpp                           0x080000fd   Thumb Code     0  entry10a.o(.ARM.Collect$$$$0000000D)
    __rt_final_exit                          0x080000fd   Thumb Code     0  entry11a.o(.ARM.Collect$$$$0000000F)
    Reset_Handler                            0x08000101   Thumb Code     8  startup_stm32f10x_md.o(.text)
    ADC1_2_IRQHandler                        0x0800011b   Thumb Code     0  startup_stm32f10x_md.o(.text)
    CAN1_RX1_IRQHandler                      0x0800011b   Thumb Code     0  startup_stm32f10x_md.o(.text)
    CAN1_SCE_IRQHandler                      0x0800011b   Thumb Code     0  startup_stm32f10x_md.o(.text)
    DMA1_Channel1_IRQHandler                 0x0800011b   Thumb Code     0  startup_stm32f10x_md.o(.text)
    DMA1_Channel2_IRQHandler                 0x0800011b   Thumb Code     0  startup_stm32f10x_md.o(.text)
    DMA1_Channel3_IRQHandler                 0x0800011b   Thumb Code     0  startup_stm32f10x_md.o(.text)
    DMA1_Channel4_IRQHandler                 0x0800011b   Thumb Code     0  startup_stm32f10x_md.o(.text)
    DMA1_Channel5_IRQHandler                 0x0800011b   Thumb Code     0  startup_stm32f10x_md.o(.text)
    DMA1_Channel6_IRQHandler                 0x0800011b   Thumb Code     0  startup_stm32f10x_md.o(.text)
    DMA1_Channel7_IRQHandler                 0x0800011b   Thumb Code     0  startup_stm32f10x_md.o(.text)
    EXTI0_IRQHandler                         0x0800011b   Thumb Code     0  startup_stm32f10x_md.o(.text)
    EXTI15_10_IRQHandler                     0x0800011b   Thumb Code     0  startup_stm32f10x_md.o(.text)
    EXTI1_IRQHandler                         0x0800011b   Thumb Code     0  startup_stm32f10x_md.o(.text)
    EXTI2_IRQHandler                         0x0800011b   Thumb Code     0  startup_stm32f10x_md.o(.text)
    EXTI3_IRQHandler                         0x0800011b   Thumb Code     0  startup_stm32f10x_md.o(.text)
    EXTI4_IRQHandler                         0x0800011b   Thumb Code     0  startup_stm32f10x_md.o(.text)
    EXTI9_5_IRQHandler                       0x0800011b   Thumb Code     0  startup_stm32f10x_md.o(.text)
    FLASH_IRQHandler                         0x0800011b   Thumb Code     0  startup_stm32f10x_md.o(.text)
    I2C1_ER_IRQHandler                       0x0800011b   Thumb Code     0  startup_stm32f10x_md.o(.text)
    I2C1_EV_IRQHandler                       0x0800011b   Thumb Code     0  startup_stm32f10x_md.o(.text)
    I2C2_ER_IRQHandler                       0x0800011b   Thumb Code     0  startup_stm32f10x_md.o(.text)
    I2C2_EV_IRQHandler                       0x0800011b   Thumb Code     0  startup_stm32f10x_md.o(.text)
    PVD_IRQHandler                           0x0800011b   Thumb Code     0  startup_stm32f10x_md.o(.text)
    RCC_IRQHandler                           0x0800011b   Thumb Code     0  startup_stm32f10x_md.o(.text)
    RTCAlarm_IRQHandler                      0x0800011b   Thumb Code     0  startup_stm32f10x_md.o(.text)
    RTC_IRQHandler                           0x0800011b   Thumb Code     0  startup_stm32f10x_md.o(.text)
    TAMPER_IRQHandler                        0x0800011b   Thumb Code     0  startup_stm32f10x_md.o(.text)
    TIM1_BRK_IRQHandler                      0x0800011b   Thumb Code     0  startup_stm32f10x_md.o(.text)
    TIM1_CC_IRQHandler                       0x0800011b   Thumb Code     0  startup_stm32f10x_md.o(.text)
    TIM1_TRG_COM_IRQHandler                  0x0800011b   Thumb Code     0  startup_stm32f10x_md.o(.text)
    TIM1_UP_IRQHandler                       0x0800011b   Thumb Code     0  startup_stm32f10x_md.o(.text)
    TIM2_IRQHandler                          0x0800011b   Thumb Code     0  startup_stm32f10x_md.o(.text)
    TIM3_IRQHandler                          0x0800011b   Thumb Code     0  startup_stm32f10x_md.o(.text)
    TIM4_IRQHandler                          0x0800011b   Thumb Code     0  startup_stm32f10x_md.o(.text)
    USART1_IRQHandler                        0x0800011b   Thumb Code     0  startup_stm32f10x_md.o(.text)
    USART2_IRQHandler                        0x0800011b   Thumb Code     0  startup_stm32f10x_md.o(.text)
    USART3_IRQHandler                        0x0800011b   Thumb Code     0  startup_stm32f10x_md.o(.text)
    USBWakeUp_IRQHandler                     0x0800011b   Thumb Code     0  startup_stm32f10x_md.o(.text)
    USB_HP_CAN1_TX_IRQHandler                0x0800011b   Thumb Code     0  startup_stm32f10x_md.o(.text)
    USB_LP_CAN1_RX0_IRQHandler               0x0800011b   Thumb Code     0  startup_stm32f10x_md.o(.text)
    WWDG_IRQHandler                          0x0800011b   Thumb Code     0  startup_stm32f10x_md.o(.text)
    __scatterload                            0x08000125   Thumb Code    28  init.o(.text)
    __scatterload_rt2                        0x08000125   Thumb Code     0  init.o(.text)
    BusFault_Handler                         0x08000149   Thumb Code     4  stm32f10x_it.o(i.BusFault_Handler)
    DebugMon_Handler                         0x0800014d   Thumb Code     2  stm32f10x_it.o(i.DebugMon_Handler)
    Delay_ms                                 0x0800014f   Thumb Code    20  main.o(i.Delay_ms)
    GPIO_Configuration                       0x08000165   Thumb Code    68  main.o(i.GPIO_Configuration)
    GPIO_Init                                0x080001b5   Thumb Code   278  stm32f10x_gpio.o(i.GPIO_Init)
    GPIO_ReadInputDataBit                    0x080002cb   Thumb Code    18  stm32f10x_gpio.o(i.GPIO_ReadInputDataBit)
    GPIO_WriteBit                            0x080002dd   Thumb Code    10  stm32f10x_gpio.o(i.GPIO_WriteBit)
    HardFault_Handler                        0x080002e7   Thumb Code     4  stm32f10x_it.o(i.HardFault_Handler)
    MemManage_Handler                        0x080002eb   Thumb Code     4  stm32f10x_it.o(i.MemManage_Handler)
    NMI_Handler                              0x080002ef   Thumb Code     2  stm32f10x_it.o(i.NMI_Handler)
    NVIC_Configuration                       0x080002f1   Thumb Code    54  main.o(i.NVIC_Configuration)
    NVIC_Init                                0x0800032d   Thumb Code   100  misc.o(i.NVIC_Init)
    NVIC_PriorityGroupConfig                 0x0800039d   Thumb Code    10  misc.o(i.NVIC_PriorityGroupConfig)
    PendSV_Handler                           0x080003b1   Thumb Code     2  stm32f10x_it.o(i.PendSV_Handler)
    RCC_APB1PeriphClockCmd                   0x080003b5   Thumb Code    26  stm32f10x_rcc.o(i.RCC_APB1PeriphClockCmd)
    RCC_APB2PeriphClockCmd                   0x080003d5   Thumb Code    26  stm32f10x_rcc.o(i.RCC_APB2PeriphClockCmd)
    SPI1_IRQHandler                          0x080003f5   Thumb Code    80  stm32f10x_it.o(i.SPI1_IRQHandler)
    SPI1_Master_Con                          0x08000455   Thumb Code   132  main.o(i.SPI1_Master_Con)
    SPI2_IRQHandler                          0x080004e9   Thumb Code   110  stm32f10x_it.o(i.SPI2_IRQHandler)
    SPI2_Slave_Con                           0x0800056d   Thumb Code   138  main.o(i.SPI2_Slave_Con)
    SPI_Cmd                                  0x08000609   Thumb Code    24  stm32f10x_spi.o(i.SPI_Cmd)
    SPI_I2S_ClearFlag                        0x08000621   Thumb Code     6  stm32f10x_spi.o(i.SPI_I2S_ClearFlag)
    SPI_I2S_GetFlagStatus                    0x08000627   Thumb Code    18  stm32f10x_spi.o(i.SPI_I2S_GetFlagStatus)
    SPI_I2S_GetITStatus                      0x08000639   Thumb Code    52  stm32f10x_spi.o(i.SPI_I2S_GetITStatus)
    SPI_I2S_ITConfig                         0x0800066d   Thumb Code    32  stm32f10x_spi.o(i.SPI_I2S_ITConfig)
    SPI_I2S_ReceiveData                      0x0800068d   Thumb Code     6  stm32f10x_spi.o(i.SPI_I2S_ReceiveData)
    SPI_I2S_SendData                         0x08000693   Thumb Code     4  stm32f10x_spi.o(i.SPI_I2S_SendData)
    SPI_Init                                 0x08000697   Thumb Code    60  stm32f10x_spi.o(i.SPI_Init)
    SVC_Handler                              0x080006d3   Thumb Code     2  stm32f10x_it.o(i.SVC_Handler)
    SysTick_Handler                          0x080007bd   Thumb Code     2  stm32f10x_it.o(i.SysTick_Handler)
    SystemInit                               0x080007c1   Thumb Code    78  system_stm32f10x.o(i.SystemInit)
    UsageFault_Handler                       0x08000821   Thumb Code     4  stm32f10x_it.o(i.UsageFault_Handler)
    __scatterload_copy                       0x08000825   Thumb Code    14  handlers.o(i.__scatterload_copy)
    __scatterload_null                       0x08000833   Thumb Code     2  handlers.o(i.__scatterload_null)
    __scatterload_zeroinit                   0x08000835   Thumb Code    14  handlers.o(i.__scatterload_zeroinit)
    main                                     0x08000845   Thumb Code   276  main.o(i.main)
    Region$$Table$$Base                      0x08000988   Number         0  anon$$obj.o(Region$$Table)
    Region$$Table$$Limit                     0x080009a8   Number         0  anon$$obj.o(Region$$Table)
    GPIO_InitStructure                       0x20000000   Data           4  main.o(.data)
    NVIC_InitStructure                       0x20000004   Data           4  main.o(.data)
    SPI_MASTER_Buffer_Tx                     0x20000008   Data          33  main.o(.data)
    M_Tx                                     0x20000029   Data           1  main.o(.data)
    M_Rx                                     0x2000002a   Data           1  main.o(.data)
    S_Tx                                     0x2000002b   Data           1  main.o(.data)
    S_Rx                                     0x2000002c   Data           1  main.o(.data)
    Flag_end                                 0x2000002d   Data           1  main.o(.data)
    SystemCoreClock                          0x20000030   Data           4  system_stm32f10x.o(.data)
    AHBPrescTable                            0x20000034   Data          16  system_stm32f10x.o(.data)
    SPI_InitStructure                        0x20000044   Data          18  main.o(.bss)
    SPI_MASTER_Buffer_Rx                     0x20000056   Data          33  main.o(.bss)
    SPI_SLAVE_Buffer_Tx                      0x20000077   Data          33  main.o(.bss)
    SPI_SLAVE_Buffer_Rx                      0x20000098   Data          33  main.o(.bss)
    __initial_sp                             0x200004c0   Data           0  startup_stm32f10x_md.o(STACK)



==============================================================================

Memory Map of the image

  Image Entry point : 0x080000ed

  Load Region LR_IROM1 (Base: 0x08000000, Size: 0x000009ec, Max: 0x00010000, ABSOLUTE)

    Execution Region ER_IROM1 (Exec base: 0x08000000, Load base: 0x08000000, Size: 0x000009a8, Max: 0x00010000, ABSOLUTE)

    Exec Addr    Load Addr    Size         Type   Attr      Idx    E Section Name        Object

    0x08000000   0x08000000   0x000000ec   Data   RO           19    RESET               startup_stm32f10x_md.o
    0x080000ec   0x080000ec   0x00000000   Code   RO          767  * .ARM.Collect$$$$00000000  mc_w.l(entry.o)
    0x080000ec   0x080000ec   0x00000004   Code   RO          770    .ARM.Collect$$$$00000001  mc_w.l(entry2.o)
    0x080000f0   0x080000f0   0x00000004   Code   RO          773    .ARM.Collect$$$$00000004  mc_w.l(entry5.o)
    0x080000f4   0x080000f4   0x00000000   Code   RO          775    .ARM.Collect$$$$00000008  mc_w.l(entry7b.o)
    0x080000f4   0x080000f4   0x00000000   Code   RO          777    .ARM.Collect$$$$0000000A  mc_w.l(entry8b.o)
    0x080000f4   0x080000f4   0x00000008   Code   RO          778    .ARM.Collect$$$$0000000B  mc_w.l(entry9a.o)
    0x080000fc   0x080000fc   0x00000000   Code   RO          780    .ARM.Collect$$$$0000000D  mc_w.l(entry10a.o)
    0x080000fc   0x080000fc   0x00000000   Code   RO          782    .ARM.Collect$$$$0000000F  mc_w.l(entry11a.o)
    0x080000fc   0x080000fc   0x00000004   Code   RO          771    .ARM.Collect$$$$00002712  mc_w.l(entry2.o)
    0x08000100   0x08000100   0x00000024   Code   RO           20    .text               startup_stm32f10x_md.o
    0x08000124   0x08000124   0x00000024   Code   RO          784    .text               mc_w.l(init.o)
    0x08000148   0x08000148   0x00000004   Code   RO          657    i.BusFault_Handler  stm32f10x_it.o
    0x0800014c   0x0800014c   0x00000002   Code   RO          658    i.DebugMon_Handler  stm32f10x_it.o
    0x0800014e   0x0800014e   0x00000014   Code   RO          601    i.Delay_ms          main.o
    0x08000162   0x08000162   0x00000002   PAD
    0x08000164   0x08000164   0x00000050   Code   RO          603    i.GPIO_Configuration  main.o
    0x080001b4   0x080001b4   0x00000116   Code   RO          149    i.GPIO_Init         stm32f10x_gpio.o
    0x080002ca   0x080002ca   0x00000012   Code   RO          153    i.GPIO_ReadInputDataBit  stm32f10x_gpio.o
    0x080002dc   0x080002dc   0x0000000a   Code   RO          160    i.GPIO_WriteBit     stm32f10x_gpio.o
    0x080002e6   0x080002e6   0x00000004   Code   RO          659    i.HardFault_Handler  stm32f10x_it.o
    0x080002ea   0x080002ea   0x00000004   Code   RO          660    i.MemManage_Handler  stm32f10x_it.o
    0x080002ee   0x080002ee   0x00000002   Code   RO          661    i.NMI_Handler       stm32f10x_it.o
    0x080002f0   0x080002f0   0x0000003c   Code   RO          604    i.NVIC_Configuration  main.o
    0x0800032c   0x0800032c   0x00000070   Code   RO           24    i.NVIC_Init         misc.o
    0x0800039c   0x0800039c   0x00000014   Code   RO           25    i.NVIC_PriorityGroupConfig  misc.o
    0x080003b0   0x080003b0   0x00000002   Code   RO          662    i.PendSV_Handler    stm32f10x_it.o
    0x080003b2   0x080003b2   0x00000002   PAD
    0x080003b4   0x080003b4   0x00000020   Code   RO          259    i.RCC_APB1PeriphClockCmd  stm32f10x_rcc.o
    0x080003d4   0x080003d4   0x00000020   Code   RO          261    i.RCC_APB2PeriphClockCmd  stm32f10x_rcc.o
    0x080003f4   0x080003f4   0x00000060   Code   RO          663    i.SPI1_IRQHandler   stm32f10x_it.o
    0x08000454   0x08000454   0x00000094   Code   RO          605    i.SPI1_Master_Con   main.o
    0x080004e8   0x080004e8   0x00000084   Code   RO          664    i.SPI2_IRQHandler   stm32f10x_it.o
    0x0800056c   0x0800056c   0x0000009c   Code   RO          606    i.SPI2_Slave_Con    main.o
    0x08000608   0x08000608   0x00000018   Code   RO          462    i.SPI_Cmd           stm32f10x_spi.o
    0x08000620   0x08000620   0x00000006   Code   RO          466    i.SPI_I2S_ClearFlag  stm32f10x_spi.o
    0x08000626   0x08000626   0x00000012   Code   RO          470    i.SPI_I2S_GetFlagStatus  stm32f10x_spi.o
    0x08000638   0x08000638   0x00000034   Code   RO          471    i.SPI_I2S_GetITStatus  stm32f10x_spi.o
    0x0800066c   0x0800066c   0x00000020   Code   RO          472    i.SPI_I2S_ITConfig  stm32f10x_spi.o
    0x0800068c   0x0800068c   0x00000006   Code   RO          473    i.SPI_I2S_ReceiveData  stm32f10x_spi.o
    0x08000692   0x08000692   0x00000004   Code   RO          474    i.SPI_I2S_SendData  stm32f10x_spi.o
    0x08000696   0x08000696   0x0000003c   Code   RO          475    i.SPI_Init          stm32f10x_spi.o
    0x080006d2   0x080006d2   0x00000002   Code   RO          665    i.SVC_Handler       stm32f10x_it.o
    0x080006d4   0x080006d4   0x00000008   Code   RO          733    i.SetSysClock       system_stm32f10x.o
    0x080006dc   0x080006dc   0x000000e0   Code   RO          734    i.SetSysClockTo72   system_stm32f10x.o
    0x080007bc   0x080007bc   0x00000002   Code   RO          666    i.SysTick_Handler   stm32f10x_it.o
    0x080007be   0x080007be   0x00000002   PAD
    0x080007c0   0x080007c0   0x00000060   Code   RO          736    i.SystemInit        system_stm32f10x.o
    0x08000820   0x08000820   0x00000004   Code   RO          667    i.UsageFault_Handler  stm32f10x_it.o
    0x08000824   0x08000824   0x0000000e   Code   RO          788    i.__scatterload_copy  mc_w.l(handlers.o)
    0x08000832   0x08000832   0x00000002   Code   RO          789    i.__scatterload_null  mc_w.l(handlers.o)
    0x08000834   0x08000834   0x0000000e   Code   RO          790    i.__scatterload_zeroinit  mc_w.l(handlers.o)
    0x08000842   0x08000842   0x00000002   PAD
    0x08000844   0x08000844   0x00000144   Code   RO          607    i.main              main.o
    0x08000988   0x08000988   0x00000020   Data   RO          786    Region$$Table       anon$$obj.o


    Execution Region RW_IRAM1 (Exec base: 0x20000000, Load base: 0x080009a8, Size: 0x000004c0, Max: 0x00005000, ABSOLUTE)

    Exec Addr    Load Addr    Size         Type   Attr      Idx    E Section Name        Object

    0x20000000   0x080009a8   0x0000002e   Data   RW          609    .data               main.o
    0x2000002e   0x080009d6   0x00000002   PAD
    0x20000030   0x080009d8   0x00000014   Data   RW          737    .data               system_stm32f10x.o
    0x20000044        -       0x00000075   Zero   RW          608    .bss                main.o
    0x200000b9   0x080009ec   0x00000007   PAD
    0x200000c0        -       0x00000400   Zero   RW           17    STACK               startup_stm32f10x_md.o


==============================================================================

Image component sizes


      Code (inc. data)   RO Data    RW Data    ZI Data      Debug   Object Name

         0          0          0          0          0       4540   core_cm3.o
       788        100          0         46        117      19579   main.o
       132         22          0          0          0     220767   misc.o
        36          8        236          0       1024        916   startup_stm32f10x_md.o
       306          0          0          0          0       3388   stm32f10x_gpio.o
       254         38          0          0          0       4938   stm32f10x_it.o
        64         12          0          0          0       1250   stm32f10x_rcc.o
       202          0          0          0          0       6295   stm32f10x_spi.o
       328         28          0         20          0       2245   system_stm32f10x.o

    ----------------------------------------------------------------------
      2116        208        268         68       1148     263918   Object Totals
         0          0         32          0          0          0   (incl. Generated)
         6          0          0          2          7          0   (incl. Padding)

    ----------------------------------------------------------------------

      Code (inc. data)   RO Data    RW Data    ZI Data      Debug   Library Member Name

         0          0          0          0          0          0   entry.o
         0          0          0          0          0          0   entry10a.o
         0          0          0          0          0          0   entry11a.o
         8          4          0          0          0          0   entry2.o
         4          0          0          0          0          0   entry5.o
         0          0          0          0          0          0   entry7b.o
         0          0          0          0          0          0   entry8b.o
         8          4          0          0          0          0   entry9a.o
        30          0          0          0          0          0   handlers.o
        36          8          0          0          0         68   init.o

    ----------------------------------------------------------------------
        88         16          0          0          0         68   Library Totals
         2          0          0          0          0          0   (incl. Padding)

    ----------------------------------------------------------------------

      Code (inc. data)   RO Data    RW Data    ZI Data      Debug   Library Name

        86         16          0          0          0         68   mc_w.l

    ----------------------------------------------------------------------
        88         16          0          0          0         68   Library Totals

    ----------------------------------------------------------------------

==============================================================================


      Code (inc. data)   RO Data    RW Data    ZI Data      Debug   

      2204        224        268         68       1148     262526   Grand Totals
      2204        224        268         68       1148     262526   ELF Image Totals
      2204        224        268         68          0          0   ROM Totals

==============================================================================

    Total RO  Size (Code + RO Data)                 2472 (   2.41kB)
    Total RW  Size (RW Data + ZI Data)              1216 (   1.19kB)
    Total ROM Size (Code + RO Data + RW Data)       2540 (   2.48kB)

==============================================================================

